Archive member included because of file (symbol)

c:/altera/13.0sp1/nios2eds/bin/gnu/h-i686-mingw32/bin/../lib/gcc/nios2-elf/4.1.2/mno-hw-mul\libgcc.a(lib2-divmod.o)
                              obj/default/source.o (__umodsi3)
c:/altera/13.0sp1/nios2eds/bin/gnu/h-i686-mingw32/bin/../lib/gcc/nios2-elf/4.1.2/mno-hw-mul\libgcc.a(lib2-mul.o)
                              obj/default/source.o (__mulsi3)
c:/altera/13.0sp1/nios2eds/bin/gnu/h-i686-mingw32/bin/../lib/gcc/nios2-elf/4.1.2/../../../../nios2-elf/lib/mno-hw-mul\libsmallc.a(lib_a-memset.o)
                              obj/default/source.o (memset)
c:/altera/13.0sp1/nios2eds/bin/gnu/h-i686-mingw32/bin/../lib/gcc/nios2-elf/4.1.2/../../../../nios2-elf/lib/mno-hw-mul\libsmallc.a(lib_a-printf.o)
                              obj/default/source.o (printf)
c:/altera/13.0sp1/nios2eds/bin/gnu/h-i686-mingw32/bin/../lib/gcc/nios2-elf/4.1.2/../../../../nios2-elf/lib/mno-hw-mul\libsmallc.a(lib_a-putchar.o)
                              obj/default/source.o (putchar)
c:/altera/13.0sp1/nios2eds/bin/gnu/h-i686-mingw32/bin/../lib/gcc/nios2-elf/4.1.2/../../../../nios2-elf/lib/mno-hw-mul\libsmallc.a(lib_a-puts.o)
                              obj/default/source.o (puts)
c:/altera/13.0sp1/nios2eds/bin/gnu/h-i686-mingw32/bin/../lib/gcc/nios2-elf/4.1.2/../../../../nios2-elf/lib/mno-hw-mul\libsmallc.a(lib_a-strlen.o)
                              c:/altera/13.0sp1/nios2eds/bin/gnu/h-i686-mingw32/bin/../lib/gcc/nios2-elf/4.1.2/../../../../nios2-elf/lib/mno-hw-mul\libsmallc.a(lib_a-puts.o) (strlen)
c:/altera/13.0sp1/nios2eds/bin/gnu/h-i686-mingw32/bin/../lib/gcc/nios2-elf/4.1.2/../../../../nios2-elf/lib/mno-hw-mul\libsmallc.a(lib_a-vfprintf.o)
                              c:/altera/13.0sp1/nios2eds/bin/gnu/h-i686-mingw32/bin/../lib/gcc/nios2-elf/4.1.2/../../../../nios2-elf/lib/mno-hw-mul\libsmallc.a(lib_a-printf.o) (___vfprintf_internal_r)
c:/altera/13.0sp1/nios2eds/bin/gnu/h-i686-mingw32/bin/../lib/gcc/nios2-elf/4.1.2/../../../../nios2-elf/lib/mno-hw-mul\libsmallc.a(lib_a-fvwrite_small_dev.o)
                              c:/altera/13.0sp1/nios2eds/bin/gnu/h-i686-mingw32/bin/../lib/gcc/nios2-elf/4.1.2/../../../../nios2-elf/lib/mno-hw-mul\libsmallc.a(lib_a-printf.o) (__sfvwrite_small_dev)
c:/altera/13.0sp1/nios2eds/bin/gnu/h-i686-mingw32/bin/../lib/gcc/nios2-elf/4.1.2/../../../../nios2-elf/lib/mno-hw-mul\libsmallc.a(lib_a-impure.o)
                              c:/altera/13.0sp1/nios2eds/bin/gnu/h-i686-mingw32/bin/../lib/gcc/nios2-elf/4.1.2/../../../../nios2-elf/lib/mno-hw-mul\libsmallc.a(lib_a-printf.o) (_impure_ptr)
c:/altera/13.0sp1/nios2eds/bin/gnu/h-i686-mingw32/bin/../lib/gcc/nios2-elf/4.1.2/../../../../nios2-elf/lib/mno-hw-mul\libsmallc.a(lib_a-putc.o)
                              c:/altera/13.0sp1/nios2eds/bin/gnu/h-i686-mingw32/bin/../lib/gcc/nios2-elf/4.1.2/../../../../nios2-elf/lib/mno-hw-mul\libsmallc.a(lib_a-putchar.o) (_putc_r)
c:/altera/13.0sp1/nios2eds/bin/gnu/h-i686-mingw32/bin/../lib/gcc/nios2-elf/4.1.2/../../../../nios2-elf/lib/mno-hw-mul\libsmallc.a(lib_a-writer.o)
                              c:/altera/13.0sp1/nios2eds/bin/gnu/h-i686-mingw32/bin/../lib/gcc/nios2-elf/4.1.2/../../../../nios2-elf/lib/mno-hw-mul\libsmallc.a(lib_a-fvwrite_small_dev.o) (_write_r)
c:/altera/13.0sp1/nios2eds/bin/gnu/h-i686-mingw32/bin/../lib/gcc/nios2-elf/4.1.2/../../../../nios2-elf/lib/mno-hw-mul\libsmallc.a(lib_a-int_errno.o)
                              c:/altera/13.0sp1/nios2eds/bin/gnu/h-i686-mingw32/bin/../lib/gcc/nios2-elf/4.1.2/../../../../nios2-elf/lib/mno-hw-mul\libsmallc.a(lib_a-writer.o) (errno)
../system2_bsp/\libhal_bsp.a(alt_load.o)
                              ../system2_bsp//obj/HAL/src/crt0.o (alt_load)
../system2_bsp/\libhal_bsp.a(alt_main.o)
                              ../system2_bsp//obj/HAL/src/crt0.o (alt_main)
../system2_bsp/\libhal_bsp.a(alt_write.o)
                              c:/altera/13.0sp1/nios2eds/bin/gnu/h-i686-mingw32/bin/../lib/gcc/nios2-elf/4.1.2/../../../../nios2-elf/lib/mno-hw-mul\libsmallc.a(lib_a-writer.o) (write)
../system2_bsp/\libhal_bsp.a(alt_sys_init.o)
                              ../system2_bsp/\libhal_bsp.a(alt_main.o) (alt_irq_init)
../system2_bsp/\libhal_bsp.a(altera_avalon_jtag_uart_fd.o)
                              ../system2_bsp/\libhal_bsp.a(alt_sys_init.o) (altera_avalon_jtag_uart_read_fd)
../system2_bsp/\libhal_bsp.a(altera_avalon_jtag_uart_read.o)
                              ../system2_bsp/\libhal_bsp.a(altera_avalon_jtag_uart_fd.o) (altera_avalon_jtag_uart_read)
../system2_bsp/\libhal_bsp.a(altera_avalon_jtag_uart_write.o)
                              ../system2_bsp/\libhal_bsp.a(altera_avalon_jtag_uart_fd.o) (altera_avalon_jtag_uart_write)
../system2_bsp/\libhal_bsp.a(alt_close.o)
                              ../system2_bsp/\libhal_bsp.a(alt_main.o) (close)
../system2_bsp/\libhal_bsp.a(alt_dcache_flush_all.o)
                              ../system2_bsp/\libhal_bsp.a(alt_load.o) (alt_dcache_flush_all)
../system2_bsp/\libhal_bsp.a(alt_dev.o)
                              ../system2_bsp/\libhal_bsp.a(alt_sys_init.o) (alt_dev_list)
../system2_bsp/\libhal_bsp.a(alt_dev_llist_insert.o)
                              ../system2_bsp/\libhal_bsp.a(alt_sys_init.o) (alt_dev_llist_insert)
../system2_bsp/\libhal_bsp.a(alt_do_ctors.o)
                              ../system2_bsp/\libhal_bsp.a(alt_main.o) (_do_ctors)
../system2_bsp/\libhal_bsp.a(alt_do_dtors.o)
                              ../system2_bsp/\libhal_bsp.a(alt_main.o) (_do_dtors)
../system2_bsp/\libhal_bsp.a(alt_errno.o)
                              ../system2_bsp/\libhal_bsp.a(alt_write.o) (alt_errno)
../system2_bsp/\libhal_bsp.a(alt_icache_flush_all.o)
                              ../system2_bsp/\libhal_bsp.a(alt_load.o) (alt_icache_flush_all)
../system2_bsp/\libhal_bsp.a(alt_io_redirect.o)
                              ../system2_bsp/\libhal_bsp.a(alt_main.o) (alt_io_redirect)
../system2_bsp/\libhal_bsp.a(alt_open.o)
                              ../system2_bsp/\libhal_bsp.a(alt_io_redirect.o) (open)
../system2_bsp/\libhal_bsp.a(alt_release_fd.o)
                              ../system2_bsp/\libhal_bsp.a(alt_close.o) (alt_release_fd)
../system2_bsp/\libhal_bsp.a(altera_nios2_qsys_irq.o)
                              ../system2_bsp/\libhal_bsp.a(alt_sys_init.o) (altera_nios2_qsys_irq_init)
../system2_bsp/\libhal_bsp.a(alt_find_dev.o)
                              ../system2_bsp/\libhal_bsp.a(alt_open.o) (alt_find_dev)
../system2_bsp/\libhal_bsp.a(alt_find_file.o)
                              ../system2_bsp/\libhal_bsp.a(alt_open.o) (alt_find_file)
../system2_bsp/\libhal_bsp.a(alt_get_fd.o)
                              ../system2_bsp/\libhal_bsp.a(alt_open.o) (alt_get_fd)
c:/altera/13.0sp1/nios2eds/bin/gnu/h-i686-mingw32/bin/../lib/gcc/nios2-elf/4.1.2/../../../../nios2-elf/lib/mno-hw-mul\libsmallc.a(lib_a-atexit.o)
                              ../system2_bsp/\libhal_bsp.a(alt_main.o) (atexit)
c:/altera/13.0sp1/nios2eds/bin/gnu/h-i686-mingw32/bin/../lib/gcc/nios2-elf/4.1.2/../../../../nios2-elf/lib/mno-hw-mul\libsmallc.a(lib_a-exit.o)
                              ../system2_bsp/\libhal_bsp.a(alt_main.o) (exit)
c:/altera/13.0sp1/nios2eds/bin/gnu/h-i686-mingw32/bin/../lib/gcc/nios2-elf/4.1.2/../../../../nios2-elf/lib/mno-hw-mul\libsmallc.a(lib_a-memcmp.o)
                              ../system2_bsp/\libhal_bsp.a(alt_find_dev.o) (memcmp)
c:/altera/13.0sp1/nios2eds/bin/gnu/h-i686-mingw32/bin/../lib/gcc/nios2-elf/4.1.2/../../../../nios2-elf/lib/mno-hw-mul\libsmallc.a(lib_a-__atexit.o)
                              c:/altera/13.0sp1/nios2eds/bin/gnu/h-i686-mingw32/bin/../lib/gcc/nios2-elf/4.1.2/../../../../nios2-elf/lib/mno-hw-mul\libsmallc.a(lib_a-atexit.o) (__register_exitproc)
c:/altera/13.0sp1/nios2eds/bin/gnu/h-i686-mingw32/bin/../lib/gcc/nios2-elf/4.1.2/../../../../nios2-elf/lib/mno-hw-mul\libsmallc.a(lib_a-__call_atexit.o)
                              c:/altera/13.0sp1/nios2eds/bin/gnu/h-i686-mingw32/bin/../lib/gcc/nios2-elf/4.1.2/../../../../nios2-elf/lib/mno-hw-mul\libsmallc.a(lib_a-exit.o) (__call_exitprocs)
../system2_bsp/\libhal_bsp.a(alt_exit.o)
                              c:/altera/13.0sp1/nios2eds/bin/gnu/h-i686-mingw32/bin/../lib/gcc/nios2-elf/4.1.2/../../../../nios2-elf/lib/mno-hw-mul\libsmallc.a(lib_a-exit.o) (_exit)

Allocating common symbols
Common symbol       size              file

errno               0x4               c:/altera/13.0sp1/nios2eds/bin/gnu/h-i686-mingw32/bin/../lib/gcc/nios2-elf/4.1.2/../../../../nios2-elf/lib/mno-hw-mul\libsmallc.a(lib_a-int_errno.o)
_atexit0            0x8c              c:/altera/13.0sp1/nios2eds/bin/gnu/h-i686-mingw32/bin/../lib/gcc/nios2-elf/4.1.2/../../../../nios2-elf/lib/mno-hw-mul\libsmallc.a(lib_a-atexit.o)

Memory Configuration

Name             Origin             Length             Attributes
new_sdram_controller_0 0x00800000         0x00800000
reset            0x01008000         0x00000020
onchip_memory2_0 0x01008020         0x00007fe0
*default*        0x00000000         0xffffffff

Linker script and memory map

LOAD ../system2_bsp//obj/HAL/src/crt0.o
LOAD obj/default/source.o
LOAD c:/altera/13.0sp1/nios2eds/bin/gnu/h-i686-mingw32/bin/../lib/gcc/nios2-elf/4.1.2/../../../../nios2-elf/lib/mno-hw-mul\libstdc++.a
LOAD c:/altera/13.0sp1/nios2eds/bin/gnu/h-i686-mingw32/bin/../lib/gcc/nios2-elf/4.1.2/../../../../nios2-elf/lib/mno-hw-mul\libm.a
LOAD c:/altera/13.0sp1/nios2eds/bin/gnu/h-i686-mingw32/bin/../lib/gcc/nios2-elf/4.1.2/mno-hw-mul\libgcc.a
START GROUP
LOAD c:/altera/13.0sp1/nios2eds/bin/gnu/h-i686-mingw32/bin/../lib/gcc/nios2-elf/4.1.2/../../../../nios2-elf/lib/mno-hw-mul\libsmallc.a
LOAD c:/altera/13.0sp1/nios2eds/bin/gnu/h-i686-mingw32/bin/../lib/gcc/nios2-elf/4.1.2/mno-hw-mul\libgcc.a
LOAD ../system2_bsp/\libhal_bsp.a
END GROUP
LOAD c:/altera/13.0sp1/nios2eds/bin/gnu/h-i686-mingw32/bin/../lib/gcc/nios2-elf/4.1.2/mno-hw-mul\libgcc.a
                0x00800000                __alt_mem_new_sdram_controller_0 = 0x800000
                0x01008000                __alt_mem_onchip_memory2_0 = 0x1008000

.entry          0x01008000       0x20
 *(.entry)
 .entry         0x01008000       0x20 ../system2_bsp//obj/HAL/src/crt0.o
                0x01008000                __reset

.exceptions     0x01008020        0x0 load address 0x00800000
                0x01008020                PROVIDE (__ram_exceptions_start, ABSOLUTE (.))
                0x01008020                . = ALIGN (0x20)
 *(.irq)
 *(.exceptions.entry.label)
 *(.exceptions.entry.user)
 *(.exceptions.entry)
 *(.exceptions.irqtest.user)
 *(.exceptions.irqtest)
 *(.exceptions.irqhandler.user)
 *(.exceptions.irqhandler)
 *(.exceptions.irqreturn.user)
 *(.exceptions.irqreturn)
 *(.exceptions.notirq.label)
 *(.exceptions.notirq.user)
 *(.exceptions.notirq)
 *(.exceptions.soft.user)
 *(.exceptions.soft)
 *(.exceptions.unknown.user)
 *(.exceptions.unknown)
 *(.exceptions.exit.label)
 *(.exceptions.exit.user)
 *(.exceptions.exit)
 *(.exceptions)
                0x01008020                PROVIDE (__ram_exceptions_end, ABSOLUTE (.))
                0x00800000                PROVIDE (__flash_exceptions_start, LOADADDR (.exceptions))

.text           0x00800000     0x323c
                0x00800000                PROVIDE (stext, ABSOLUTE (.))
 *(.interp)
 *(.hash)
 *(.dynsym)
 *(.dynstr)
 *(.gnu.version)
 *(.gnu.version_d)
 *(.gnu.version_r)
 *(.rel.init)
 *(.rela.init)
 *(.rel.text .rel.text.* .rel.gnu.linkonce.t.*)
 *(.rela.text .rela.text.* .rela.gnu.linkonce.t.*)
 *(.rel.fini)
 *(.rela.fini)
 *(.rel.rodata .rel.rodata.* .rel.gnu.linkonce.r.*)
 *(.rela.rodata .rela.rodata.* .rela.gnu.linkonce.r.*)
 *(.rel.data .rel.data.* .rel.gnu.linkonce.d.*)
 *(.rela.data .rela.data.* .rela.gnu.linkonce.d.*)
 *(.rel.tdata .rel.tdata.* .rel.gnu.linkonce.td.*)
 *(.rela.tdata .rela.tdata.* .rela.gnu.linkonce.td.*)
 *(.rel.tbss .rel.tbss.* .rel.gnu.linkonce.tb.*)
 *(.rela.tbss .rela.tbss.* .rela.gnu.linkonce.tb.*)
 *(.rel.ctors)
 *(.rela.ctors)
 *(.rel.dtors)
 *(.rela.dtors)
 *(.rel.got)
 *(.rela.got)
 *(.rel.sdata .rel.sdata.* .rel.gnu.linkonce.s.*)
 *(.rela.sdata .rela.sdata.* .rela.gnu.linkonce.s.*)
 *(.rel.sbss .rel.sbss.* .rel.gnu.linkonce.sb.*)
 *(.rela.sbss .rela.sbss.* .rela.gnu.linkonce.sb.*)
 *(.rel.sdata2 .rel.sdata2.* .rel.gnu.linkonce.s2.*)
 *(.rela.sdata2 .rela.sdata2.* .rela.gnu.linkonce.s2.*)
 *(.rel.sbss2 .rel.sbss2.* .rel.gnu.linkonce.sb2.*)
 *(.rela.sbss2 .rela.sbss2.* .rela.gnu.linkonce.sb2.*)
 *(.rel.bss .rel.bss.* .rel.gnu.linkonce.b.*)
 *(.rela.bss .rela.bss.* .rela.gnu.linkonce.b.*)
 *(.rel.plt)
 *(.rela.plt)
 *(.rel.dyn)
 *(.init)
 *(.plt)
 *(.text .stub .text.* .gnu.linkonce.t.*)
 .text          0x00800000       0x3c ../system2_bsp//obj/HAL/src/crt0.o
                0x00800000                _start
 .text          0x0080003c     0x10c4 obj/default/source.o
                0x00800108                main
 .text          0x00801100      0x14c c:/altera/13.0sp1/nios2eds/bin/gnu/h-i686-mingw32/bin/../lib/gcc/nios2-elf/4.1.2/mno-hw-mul\libgcc.a(lib2-divmod.o)
                0x0080117c                __divsi3
                0x008011dc                __modsi3
                0x0080123c                __udivsi3
                0x00801244                __umodsi3
 .text          0x0080124c       0x38 c:/altera/13.0sp1/nios2eds/bin/gnu/h-i686-mingw32/bin/../lib/gcc/nios2-elf/4.1.2/mno-hw-mul\libgcc.a(lib2-mul.o)
                0x0080124c                __mulsi3
 .text          0x00801284       0x20 c:/altera/13.0sp1/nios2eds/bin/gnu/h-i686-mingw32/bin/../lib/gcc/nios2-elf/4.1.2/../../../../nios2-elf/lib/mno-hw-mul\libsmallc.a(lib_a-memset.o)
                0x00801284                memset
 .text          0x008012a4       0x98 c:/altera/13.0sp1/nios2eds/bin/gnu/h-i686-mingw32/bin/../lib/gcc/nios2-elf/4.1.2/../../../../nios2-elf/lib/mno-hw-mul\libsmallc.a(lib_a-printf.o)
                0x008012a4                printf
                0x008012f8                _printf_r
 .text          0x0080133c       0x24 c:/altera/13.0sp1/nios2eds/bin/gnu/h-i686-mingw32/bin/../lib/gcc/nios2-elf/4.1.2/../../../../nios2-elf/lib/mno-hw-mul\libsmallc.a(lib_a-putchar.o)
                0x0080133c                putchar
                0x00801358                _putchar_r
 .text          0x00801360       0xa4 c:/altera/13.0sp1/nios2eds/bin/gnu/h-i686-mingw32/bin/../lib/gcc/nios2-elf/4.1.2/../../../../nios2-elf/lib/mno-hw-mul\libsmallc.a(lib_a-puts.o)
                0x00801360                _puts_r
                0x008013f0                puts
 .text          0x00801404       0x20 c:/altera/13.0sp1/nios2eds/bin/gnu/h-i686-mingw32/bin/../lib/gcc/nios2-elf/4.1.2/../../../../nios2-elf/lib/mno-hw-mul\libsmallc.a(lib_a-strlen.o)
                0x00801404                strlen
 .text          0x00801424      0x740 c:/altera/13.0sp1/nios2eds/bin/gnu/h-i686-mingw32/bin/../lib/gcc/nios2-elf/4.1.2/../../../../nios2-elf/lib/mno-hw-mul\libsmallc.a(lib_a-vfprintf.o)
                0x008014a4                ___vfprintf_internal_r
                0x00801b40                __vfprintf_internal
 .text          0x00801b64       0xbc c:/altera/13.0sp1/nios2eds/bin/gnu/h-i686-mingw32/bin/../lib/gcc/nios2-elf/4.1.2/../../../../nios2-elf/lib/mno-hw-mul\libsmallc.a(lib_a-fvwrite_small_dev.o)
                0x00801b64                __sfvwrite_small_dev
 .text          0x00801c20        0x0 c:/altera/13.0sp1/nios2eds/bin/gnu/h-i686-mingw32/bin/../lib/gcc/nios2-elf/4.1.2/../../../../nios2-elf/lib/mno-hw-mul\libsmallc.a(lib_a-impure.o)
 .text          0x00801c20       0xe4 c:/altera/13.0sp1/nios2eds/bin/gnu/h-i686-mingw32/bin/../lib/gcc/nios2-elf/4.1.2/../../../../nios2-elf/lib/mno-hw-mul\libsmallc.a(lib_a-putc.o)
                0x00801c20                putc
                0x00801c90                _putc_r
 .text          0x00801d04       0x78 c:/altera/13.0sp1/nios2eds/bin/gnu/h-i686-mingw32/bin/../lib/gcc/nios2-elf/4.1.2/../../../../nios2-elf/lib/mno-hw-mul\libsmallc.a(lib_a-writer.o)
                0x00801d04                _write_r
 .text          0x00801d7c        0x0 c:/altera/13.0sp1/nios2eds/bin/gnu/h-i686-mingw32/bin/../lib/gcc/nios2-elf/4.1.2/../../../../nios2-elf/lib/mno-hw-mul\libsmallc.a(lib_a-int_errno.o)
 .text          0x00801d7c       0xec ../system2_bsp/\libhal_bsp.a(alt_load.o)
                0x00801d7c                alt_load
 .text          0x00801e68       0x6c ../system2_bsp/\libhal_bsp.a(alt_main.o)
                0x00801e68                alt_main
 .text          0x00801ed4      0x184 ../system2_bsp/\libhal_bsp.a(alt_write.o)
                0x00801ed4                write
 .text          0x00802058       0x9c ../system2_bsp/\libhal_bsp.a(alt_sys_init.o)
                0x00802058                alt_irq_init
                0x0080208c                alt_sys_init
 .text          0x008020f4       0xb0 ../system2_bsp/\libhal_bsp.a(altera_avalon_jtag_uart_fd.o)
                0x008020f4                altera_avalon_jtag_uart_read_fd
                0x0080214c                altera_avalon_jtag_uart_write_fd
 .text          0x008021a4      0x104 ../system2_bsp/\libhal_bsp.a(altera_avalon_jtag_uart_read.o)
                0x008021a4                altera_avalon_jtag_uart_read
 .text          0x008022a8       0xa4 ../system2_bsp/\libhal_bsp.a(altera_avalon_jtag_uart_write.o)
                0x008022a8                altera_avalon_jtag_uart_write
 .text          0x0080234c      0x160 ../system2_bsp/\libhal_bsp.a(alt_close.o)
                0x0080234c                close
 .text          0x008024ac       0x1c ../system2_bsp/\libhal_bsp.a(alt_dcache_flush_all.o)
                0x008024ac                alt_dcache_flush_all
 .text          0x008024c8       0x2c ../system2_bsp/\libhal_bsp.a(alt_dev.o)
 .text          0x008024f4      0x114 ../system2_bsp/\libhal_bsp.a(alt_dev_llist_insert.o)
                0x008024f4                alt_dev_llist_insert
 .text          0x00802608       0x64 ../system2_bsp/\libhal_bsp.a(alt_do_ctors.o)
                0x00802608                _do_ctors
 .text          0x0080266c       0x64 ../system2_bsp/\libhal_bsp.a(alt_do_dtors.o)
                0x0080266c                _do_dtors
 .text          0x008026d0        0x0 ../system2_bsp/\libhal_bsp.a(alt_errno.o)
 .text          0x008026d0       0x1c ../system2_bsp/\libhal_bsp.a(alt_icache_flush_all.o)
                0x008026d0                alt_icache_flush_all
 .text          0x008026ec      0x150 ../system2_bsp/\libhal_bsp.a(alt_io_redirect.o)
                0x008027c4                alt_io_redirect
 .text          0x0080283c      0x2e4 ../system2_bsp/\libhal_bsp.a(alt_open.o)
                0x00802934                open
 .text          0x00802b20       0x78 ../system2_bsp/\libhal_bsp.a(alt_release_fd.o)
                0x00802b20                alt_release_fd
 .text          0x00802b98       0x20 ../system2_bsp/\libhal_bsp.a(altera_nios2_qsys_irq.o)
                0x00802b98                altera_nios2_qsys_irq_init
 .text          0x00802bb8       0x94 ../system2_bsp/\libhal_bsp.a(alt_find_dev.o)
                0x00802bb8                alt_find_dev
 .text          0x00802c4c      0x120 ../system2_bsp/\libhal_bsp.a(alt_find_file.o)
                0x00802c4c                alt_find_file
 .text          0x00802d6c       0xd0 ../system2_bsp/\libhal_bsp.a(alt_get_fd.o)
                0x00802d6c                alt_get_fd
 .text          0x00802e3c       0x14 c:/altera/13.0sp1/nios2eds/bin/gnu/h-i686-mingw32/bin/../lib/gcc/nios2-elf/4.1.2/../../../../nios2-elf/lib/mno-hw-mul\libsmallc.a(lib_a-atexit.o)
                0x00802e3c                atexit
 .text          0x00802e50       0x20 c:/altera/13.0sp1/nios2eds/bin/gnu/h-i686-mingw32/bin/../lib/gcc/nios2-elf/4.1.2/../../../../nios2-elf/lib/mno-hw-mul\libsmallc.a(lib_a-exit.o)
                0x00802e50                exit
 .text          0x00802e70       0x3c c:/altera/13.0sp1/nios2eds/bin/gnu/h-i686-mingw32/bin/../lib/gcc/nios2-elf/4.1.2/../../../../nios2-elf/lib/mno-hw-mul\libsmallc.a(lib_a-memcmp.o)
                0x00802e70                memcmp
 .text          0x00802eac      0x16c c:/altera/13.0sp1/nios2eds/bin/gnu/h-i686-mingw32/bin/../lib/gcc/nios2-elf/4.1.2/../../../../nios2-elf/lib/mno-hw-mul\libsmallc.a(lib_a-__atexit.o)
                0x00802eac                __register_exitproc
 .text          0x00803018      0x1c0 c:/altera/13.0sp1/nios2eds/bin/gnu/h-i686-mingw32/bin/../lib/gcc/nios2-elf/4.1.2/../../../../nios2-elf/lib/mno-hw-mul\libsmallc.a(lib_a-__call_atexit.o)
                0x0080301c                __call_exitprocs
 .text          0x008031d8       0x60 ../system2_bsp/\libhal_bsp.a(alt_exit.o)
                0x00803218                _exit
 *(.gnu.warning.*)
 *(.fini)
                0x00803238                PROVIDE (__etext, ABSOLUTE (.))
                0x00803238                PROVIDE (_etext, ABSOLUTE (.))
                0x00803238                PROVIDE (etext, ABSOLUTE (.))
 *(.eh_frame_hdr)
                0x00803238                . = ALIGN (0x4)
                0x00803238                PROVIDE (__preinit_array_start, ABSOLUTE (.))
 *(.preinit_array)
                0x00803238                PROVIDE (__preinit_array_end, ABSOLUTE (.))
                0x00803238                PROVIDE (__init_array_start, ABSOLUTE (.))
 *(.init_array)
                0x00803238                PROVIDE (__init_array_end, ABSOLUTE (.))
                0x00803238                PROVIDE (__fini_array_start, ABSOLUTE (.))
 *(.fini_array)
                0x00803238                PROVIDE (__fini_array_end, ABSOLUTE (.))
 *(.eh_frame)
 *(.gcc_except_table)
 *(.dynamic)
                0x00803238                PROVIDE (__CTOR_LIST__, ABSOLUTE (.))
 *(.ctors)
 *(SORT(.ctors.*))
 .ctors.65535   0x00803238        0x4 c:/altera/13.0sp1/nios2eds/bin/gnu/h-i686-mingw32/bin/../lib/gcc/nios2-elf/4.1.2/../../../../nios2-elf/lib/mno-hw-mul\libsmallc.a(lib_a-__call_atexit.o)
                0x0080323c                PROVIDE (__CTOR_END__, ABSOLUTE (.))
                0x0080323c                PROVIDE (__DTOR_LIST__, ABSOLUTE (.))
 *(.dtors)
 *(SORT(.dtors.*))
                0x0080323c                PROVIDE (__DTOR_END__, ABSOLUTE (.))
 *(.jcr)
                0x0080323c                . = ALIGN (0x4)

.rodata         0x0080323c      0x450
                0x0080323c                PROVIDE (__ram_rodata_start, ABSOLUTE (.))
                0x0080323c                . = ALIGN (0x4)
 *(.rodata .rodata.* .gnu.linkonce.r.*)
 .rodata        0x0080323c      0x418 obj/default/source.o
 .rodata.str1.4
                0x00803654        0x4 c:/altera/13.0sp1/nios2eds/bin/gnu/h-i686-mingw32/bin/../lib/gcc/nios2-elf/4.1.2/../../../../nios2-elf/lib/mno-hw-mul\libsmallc.a(lib_a-puts.o)
 .rodata        0x00803658       0x14 ../system2_bsp/\libhal_bsp.a(alt_main.o)
 .rodata        0x0080366c       0x14 ../system2_bsp/\libhal_bsp.a(alt_sys_init.o)
 .rodata        0x00803680        0xc ../system2_bsp/\libhal_bsp.a(alt_dev.o)
 *(.rodata1)
                0x0080368c                . = ALIGN (0x4)
                0x0080368c                PROVIDE (__ram_rodata_end, ABSOLUTE (.))
                0x0080323c                PROVIDE (__flash_rodata_start, LOADADDR (.rodata))

.rwdata         0x0080368c      0x2d4 load address 0x00803960
                0x0080368c                PROVIDE (__ram_rwdata_start, ABSOLUTE (.))
                0x0080368c                . = ALIGN (0x4)
 *(.got.plt)
 *(.got)
 *(.data1)
 *(.data .data.* .gnu.linkonce.d.*)
 .data          0x0080368c        0x0 ../system2_bsp//obj/HAL/src/crt0.o
 .data          0x0080368c        0x0 obj/default/source.o
 .data          0x0080368c        0x0 c:/altera/13.0sp1/nios2eds/bin/gnu/h-i686-mingw32/bin/../lib/gcc/nios2-elf/4.1.2/mno-hw-mul\libgcc.a(lib2-divmod.o)
 .data          0x0080368c        0x0 c:/altera/13.0sp1/nios2eds/bin/gnu/h-i686-mingw32/bin/../lib/gcc/nios2-elf/4.1.2/mno-hw-mul\libgcc.a(lib2-mul.o)
 .data          0x0080368c        0x0 c:/altera/13.0sp1/nios2eds/bin/gnu/h-i686-mingw32/bin/../lib/gcc/nios2-elf/4.1.2/../../../../nios2-elf/lib/mno-hw-mul\libsmallc.a(lib_a-memset.o)
 .data          0x0080368c        0x0 c:/altera/13.0sp1/nios2eds/bin/gnu/h-i686-mingw32/bin/../lib/gcc/nios2-elf/4.1.2/../../../../nios2-elf/lib/mno-hw-mul\libsmallc.a(lib_a-printf.o)
 .data          0x0080368c        0x0 c:/altera/13.0sp1/nios2eds/bin/gnu/h-i686-mingw32/bin/../lib/gcc/nios2-elf/4.1.2/../../../../nios2-elf/lib/mno-hw-mul\libsmallc.a(lib_a-putchar.o)
 .data          0x0080368c        0x0 c:/altera/13.0sp1/nios2eds/bin/gnu/h-i686-mingw32/bin/../lib/gcc/nios2-elf/4.1.2/../../../../nios2-elf/lib/mno-hw-mul\libsmallc.a(lib_a-puts.o)
 .data          0x0080368c        0x0 c:/altera/13.0sp1/nios2eds/bin/gnu/h-i686-mingw32/bin/../lib/gcc/nios2-elf/4.1.2/../../../../nios2-elf/lib/mno-hw-mul\libsmallc.a(lib_a-strlen.o)
 .data          0x0080368c        0x0 c:/altera/13.0sp1/nios2eds/bin/gnu/h-i686-mingw32/bin/../lib/gcc/nios2-elf/4.1.2/../../../../nios2-elf/lib/mno-hw-mul\libsmallc.a(lib_a-vfprintf.o)
 .data          0x0080368c        0x0 c:/altera/13.0sp1/nios2eds/bin/gnu/h-i686-mingw32/bin/../lib/gcc/nios2-elf/4.1.2/../../../../nios2-elf/lib/mno-hw-mul\libsmallc.a(lib_a-fvwrite_small_dev.o)
 .data          0x0080368c       0xe0 c:/altera/13.0sp1/nios2eds/bin/gnu/h-i686-mingw32/bin/../lib/gcc/nios2-elf/4.1.2/../../../../nios2-elf/lib/mno-hw-mul\libsmallc.a(lib_a-impure.o)
 .data          0x0080376c        0x0 c:/altera/13.0sp1/nios2eds/bin/gnu/h-i686-mingw32/bin/../lib/gcc/nios2-elf/4.1.2/../../../../nios2-elf/lib/mno-hw-mul\libsmallc.a(lib_a-putc.o)
 .data          0x0080376c        0x0 c:/altera/13.0sp1/nios2eds/bin/gnu/h-i686-mingw32/bin/../lib/gcc/nios2-elf/4.1.2/../../../../nios2-elf/lib/mno-hw-mul\libsmallc.a(lib_a-writer.o)
 .data          0x0080376c        0x0 c:/altera/13.0sp1/nios2eds/bin/gnu/h-i686-mingw32/bin/../lib/gcc/nios2-elf/4.1.2/../../../../nios2-elf/lib/mno-hw-mul\libsmallc.a(lib_a-int_errno.o)
 .data          0x0080376c        0x0 ../system2_bsp/\libhal_bsp.a(alt_load.o)
 .data          0x0080376c        0x0 ../system2_bsp/\libhal_bsp.a(alt_main.o)
 .data          0x0080376c        0x0 ../system2_bsp/\libhal_bsp.a(alt_write.o)
 .data          0x0080376c       0x2c ../system2_bsp/\libhal_bsp.a(alt_sys_init.o)
 .data          0x00803798        0x0 ../system2_bsp/\libhal_bsp.a(altera_avalon_jtag_uart_fd.o)
 .data          0x00803798        0x0 ../system2_bsp/\libhal_bsp.a(altera_avalon_jtag_uart_read.o)
 .data          0x00803798        0x0 ../system2_bsp/\libhal_bsp.a(altera_avalon_jtag_uart_write.o)
 .data          0x00803798        0x0 ../system2_bsp/\libhal_bsp.a(alt_close.o)
 .data          0x00803798        0x0 ../system2_bsp/\libhal_bsp.a(alt_dcache_flush_all.o)
 .data          0x00803798      0x1a8 ../system2_bsp/\libhal_bsp.a(alt_dev.o)
                0x00803798                alt_dev_null
                0x008037c0                alt_fd_list
 .data          0x00803940        0x0 ../system2_bsp/\libhal_bsp.a(alt_dev_llist_insert.o)
 .data          0x00803940        0x0 ../system2_bsp/\libhal_bsp.a(alt_do_ctors.o)
 .data          0x00803940        0x0 ../system2_bsp/\libhal_bsp.a(alt_do_dtors.o)
 .data          0x00803940        0x0 ../system2_bsp/\libhal_bsp.a(alt_errno.o)
 .data          0x00803940        0x0 ../system2_bsp/\libhal_bsp.a(alt_icache_flush_all.o)
 .data          0x00803940        0x0 ../system2_bsp/\libhal_bsp.a(alt_io_redirect.o)
 .data          0x00803940        0x0 ../system2_bsp/\libhal_bsp.a(alt_open.o)
 .data          0x00803940        0x0 ../system2_bsp/\libhal_bsp.a(alt_release_fd.o)
 .data          0x00803940        0x0 ../system2_bsp/\libhal_bsp.a(altera_nios2_qsys_irq.o)
 .data          0x00803940        0x0 ../system2_bsp/\libhal_bsp.a(alt_find_dev.o)
 .data          0x00803940        0x0 ../system2_bsp/\libhal_bsp.a(alt_find_file.o)
 .data          0x00803940        0x0 ../system2_bsp/\libhal_bsp.a(alt_get_fd.o)
 .data          0x00803940        0x0 c:/altera/13.0sp1/nios2eds/bin/gnu/h-i686-mingw32/bin/../lib/gcc/nios2-elf/4.1.2/../../../../nios2-elf/lib/mno-hw-mul\libsmallc.a(lib_a-atexit.o)
 .data          0x00803940        0x0 c:/altera/13.0sp1/nios2eds/bin/gnu/h-i686-mingw32/bin/../lib/gcc/nios2-elf/4.1.2/../../../../nios2-elf/lib/mno-hw-mul\libsmallc.a(lib_a-exit.o)
 .data          0x00803940        0x0 c:/altera/13.0sp1/nios2eds/bin/gnu/h-i686-mingw32/bin/../lib/gcc/nios2-elf/4.1.2/../../../../nios2-elf/lib/mno-hw-mul\libsmallc.a(lib_a-memcmp.o)
 .data          0x00803940        0x0 c:/altera/13.0sp1/nios2eds/bin/gnu/h-i686-mingw32/bin/../lib/gcc/nios2-elf/4.1.2/../../../../nios2-elf/lib/mno-hw-mul\libsmallc.a(lib_a-__atexit.o)
 .data          0x00803940        0x0 c:/altera/13.0sp1/nios2eds/bin/gnu/h-i686-mingw32/bin/../lib/gcc/nios2-elf/4.1.2/../../../../nios2-elf/lib/mno-hw-mul\libsmallc.a(lib_a-__call_atexit.o)
 .data          0x00803940        0x0 ../system2_bsp/\libhal_bsp.a(alt_exit.o)
                0x0080b940                _gp = ABSOLUTE ((. + 0x8000))
                0x0080b940                PROVIDE (gp, _gp)
 *(.rwdata .rwdata.*)
 *(.sdata .sdata.* .gnu.linkonce.s.*)
 .sdata         0x00803940        0x8 c:/altera/13.0sp1/nios2eds/bin/gnu/h-i686-mingw32/bin/../lib/gcc/nios2-elf/4.1.2/../../../../nios2-elf/lib/mno-hw-mul\libsmallc.a(lib_a-impure.o)
                0x00803940                _impure_ptr
                0x00803944                _global_impure_ptr
 .sdata         0x00803948       0x14 ../system2_bsp/\libhal_bsp.a(alt_dev.o)
                0x00803948                alt_fs_list
                0x00803950                alt_dev_list
                0x00803958                alt_max_fd
 .sdata         0x0080395c        0x4 ../system2_bsp/\libhal_bsp.a(alt_errno.o)
                0x0080395c                alt_errno
 *(.sdata2 .sdata2.* .gnu.linkonce.s2.*)
                0x00803960                . = ALIGN (0x4)
                0x00803960                _edata = ABSOLUTE (.)
                0x00803960                PROVIDE (edata, ABSOLUTE (.))
                0x00803960                PROVIDE (__ram_rwdata_end, ABSOLUTE (.))
                0x00803960                PROVIDE (__flash_rwdata_start, LOADADDR (.rwdata))

.bss            0x00803c34       0x9c
                0x00803c34                __bss_start = ABSOLUTE (.)
                0x00803c34                PROVIDE (__sbss_start, ABSOLUTE (.))
                0x00803c34                PROVIDE (___sbss_start, ABSOLUTE (.))
 *(.dynsbss)
 *(.sbss .sbss.* .gnu.linkonce.sb.*)
 .sbss          0x00803c34        0x4 c:/altera/13.0sp1/nios2eds/bin/gnu/h-i686-mingw32/bin/../lib/gcc/nios2-elf/4.1.2/../../../../nios2-elf/lib/mno-hw-mul\libsmallc.a(lib_a-int_errno.o)
                0x00803c34                errno
 .sbss          0x00803c38        0xc ../system2_bsp/\libhal_bsp.a(alt_main.o)
                0x00803c38                alt_argc
                0x00803c3c                alt_argv
                0x00803c40                alt_envp
 *(.sbss2 .sbss2.* .gnu.linkonce.sb2.*)
 *(.scommon)
                0x00803c44                PROVIDE (__sbss_end, ABSOLUTE (.))
                0x00803c44                PROVIDE (___sbss_end, ABSOLUTE (.))
 *(.dynbss)
 *(.bss .bss.* .gnu.linkonce.b.*)
 .bss           0x00803c44        0x0 ../system2_bsp//obj/HAL/src/crt0.o
 .bss           0x00803c44        0x0 obj/default/source.o
 .bss           0x00803c44        0x0 c:/altera/13.0sp1/nios2eds/bin/gnu/h-i686-mingw32/bin/../lib/gcc/nios2-elf/4.1.2/mno-hw-mul\libgcc.a(lib2-divmod.o)
 .bss           0x00803c44        0x0 c:/altera/13.0sp1/nios2eds/bin/gnu/h-i686-mingw32/bin/../lib/gcc/nios2-elf/4.1.2/mno-hw-mul\libgcc.a(lib2-mul.o)
 .bss           0x00803c44        0x0 c:/altera/13.0sp1/nios2eds/bin/gnu/h-i686-mingw32/bin/../lib/gcc/nios2-elf/4.1.2/../../../../nios2-elf/lib/mno-hw-mul\libsmallc.a(lib_a-memset.o)
 .bss           0x00803c44        0x0 c:/altera/13.0sp1/nios2eds/bin/gnu/h-i686-mingw32/bin/../lib/gcc/nios2-elf/4.1.2/../../../../nios2-elf/lib/mno-hw-mul\libsmallc.a(lib_a-printf.o)
 .bss           0x00803c44        0x0 c:/altera/13.0sp1/nios2eds/bin/gnu/h-i686-mingw32/bin/../lib/gcc/nios2-elf/4.1.2/../../../../nios2-elf/lib/mno-hw-mul\libsmallc.a(lib_a-putchar.o)
 .bss           0x00803c44        0x0 c:/altera/13.0sp1/nios2eds/bin/gnu/h-i686-mingw32/bin/../lib/gcc/nios2-elf/4.1.2/../../../../nios2-elf/lib/mno-hw-mul\libsmallc.a(lib_a-puts.o)
 .bss           0x00803c44        0x0 c:/altera/13.0sp1/nios2eds/bin/gnu/h-i686-mingw32/bin/../lib/gcc/nios2-elf/4.1.2/../../../../nios2-elf/lib/mno-hw-mul\libsmallc.a(lib_a-strlen.o)
 .bss           0x00803c44        0x0 c:/altera/13.0sp1/nios2eds/bin/gnu/h-i686-mingw32/bin/../lib/gcc/nios2-elf/4.1.2/../../../../nios2-elf/lib/mno-hw-mul\libsmallc.a(lib_a-vfprintf.o)
 .bss           0x00803c44        0x0 c:/altera/13.0sp1/nios2eds/bin/gnu/h-i686-mingw32/bin/../lib/gcc/nios2-elf/4.1.2/../../../../nios2-elf/lib/mno-hw-mul\libsmallc.a(lib_a-fvwrite_small_dev.o)
 .bss           0x00803c44        0x0 c:/altera/13.0sp1/nios2eds/bin/gnu/h-i686-mingw32/bin/../lib/gcc/nios2-elf/4.1.2/../../../../nios2-elf/lib/mno-hw-mul\libsmallc.a(lib_a-impure.o)
 .bss           0x00803c44        0x0 c:/altera/13.0sp1/nios2eds/bin/gnu/h-i686-mingw32/bin/../lib/gcc/nios2-elf/4.1.2/../../../../nios2-elf/lib/mno-hw-mul\libsmallc.a(lib_a-putc.o)
 .bss           0x00803c44        0x0 c:/altera/13.0sp1/nios2eds/bin/gnu/h-i686-mingw32/bin/../lib/gcc/nios2-elf/4.1.2/../../../../nios2-elf/lib/mno-hw-mul\libsmallc.a(lib_a-writer.o)
 .bss           0x00803c44        0x0 c:/altera/13.0sp1/nios2eds/bin/gnu/h-i686-mingw32/bin/../lib/gcc/nios2-elf/4.1.2/../../../../nios2-elf/lib/mno-hw-mul\libsmallc.a(lib_a-int_errno.o)
 .bss           0x00803c44        0x0 ../system2_bsp/\libhal_bsp.a(alt_load.o)
 .bss           0x00803c44        0x0 ../system2_bsp/\libhal_bsp.a(alt_main.o)
 .bss           0x00803c44        0x0 ../system2_bsp/\libhal_bsp.a(alt_write.o)
 .bss           0x00803c44        0x0 ../system2_bsp/\libhal_bsp.a(alt_sys_init.o)
 .bss           0x00803c44        0x0 ../system2_bsp/\libhal_bsp.a(altera_avalon_jtag_uart_fd.o)
 .bss           0x00803c44        0x0 ../system2_bsp/\libhal_bsp.a(altera_avalon_jtag_uart_read.o)
 .bss           0x00803c44        0x0 ../system2_bsp/\libhal_bsp.a(altera_avalon_jtag_uart_write.o)
 .bss           0x00803c44        0x0 ../system2_bsp/\libhal_bsp.a(alt_close.o)
 .bss           0x00803c44        0x0 ../system2_bsp/\libhal_bsp.a(alt_dcache_flush_all.o)
 .bss           0x00803c44        0x0 ../system2_bsp/\libhal_bsp.a(alt_dev.o)
 .bss           0x00803c44        0x0 ../system2_bsp/\libhal_bsp.a(alt_dev_llist_insert.o)
 .bss           0x00803c44        0x0 ../system2_bsp/\libhal_bsp.a(alt_do_ctors.o)
 .bss           0x00803c44        0x0 ../system2_bsp/\libhal_bsp.a(alt_do_dtors.o)
 .bss           0x00803c44        0x0 ../system2_bsp/\libhal_bsp.a(alt_errno.o)
 .bss           0x00803c44        0x0 ../system2_bsp/\libhal_bsp.a(alt_icache_flush_all.o)
 .bss           0x00803c44        0x0 ../system2_bsp/\libhal_bsp.a(alt_io_redirect.o)
 .bss           0x00803c44        0x0 ../system2_bsp/\libhal_bsp.a(alt_open.o)
 .bss           0x00803c44        0x0 ../system2_bsp/\libhal_bsp.a(alt_release_fd.o)
 .bss           0x00803c44        0x0 ../system2_bsp/\libhal_bsp.a(altera_nios2_qsys_irq.o)
 .bss           0x00803c44        0x0 ../system2_bsp/\libhal_bsp.a(alt_find_dev.o)
 .bss           0x00803c44        0x0 ../system2_bsp/\libhal_bsp.a(alt_find_file.o)
 .bss           0x00803c44        0x0 ../system2_bsp/\libhal_bsp.a(alt_get_fd.o)
 .bss           0x00803c44        0x0 c:/altera/13.0sp1/nios2eds/bin/gnu/h-i686-mingw32/bin/../lib/gcc/nios2-elf/4.1.2/../../../../nios2-elf/lib/mno-hw-mul\libsmallc.a(lib_a-atexit.o)
 .bss           0x00803c44        0x0 c:/altera/13.0sp1/nios2eds/bin/gnu/h-i686-mingw32/bin/../lib/gcc/nios2-elf/4.1.2/../../../../nios2-elf/lib/mno-hw-mul\libsmallc.a(lib_a-exit.o)
 .bss           0x00803c44        0x0 c:/altera/13.0sp1/nios2eds/bin/gnu/h-i686-mingw32/bin/../lib/gcc/nios2-elf/4.1.2/../../../../nios2-elf/lib/mno-hw-mul\libsmallc.a(lib_a-memcmp.o)
 .bss           0x00803c44        0x0 c:/altera/13.0sp1/nios2eds/bin/gnu/h-i686-mingw32/bin/../lib/gcc/nios2-elf/4.1.2/../../../../nios2-elf/lib/mno-hw-mul\libsmallc.a(lib_a-__atexit.o)
 .bss           0x00803c44        0x0 c:/altera/13.0sp1/nios2eds/bin/gnu/h-i686-mingw32/bin/../lib/gcc/nios2-elf/4.1.2/../../../../nios2-elf/lib/mno-hw-mul\libsmallc.a(lib_a-__call_atexit.o)
 .bss           0x00803c44        0x0 ../system2_bsp/\libhal_bsp.a(alt_exit.o)
 *(COMMON)
 COMMON         0x00803c44       0x8c c:/altera/13.0sp1/nios2eds/bin/gnu/h-i686-mingw32/bin/../lib/gcc/nios2-elf/4.1.2/../../../../nios2-elf/lib/mno-hw-mul\libsmallc.a(lib_a-atexit.o)
                0x00803c44                _atexit0
                0x00803cd0                . = ALIGN (0x4)
                0x00803cd0                __bss_end = ABSOLUTE (.)

.new_sdram_controller_0
                0x00803cd0        0x0
                0x00803cd0                PROVIDE (_alt_partition_new_sdram_controller_0_start, ABSOLUTE (.))
 *(.new_sdram_controller_0. new_sdram_controller_0.*)
                0x00803cd0                . = ALIGN (0x4)
                0x00803cd0                PROVIDE (_alt_partition_new_sdram_controller_0_end, ABSOLUTE (.))
                0x00803cd0                _end = ABSOLUTE (.)
                0x00803cd0                end = ABSOLUTE (.)
                0x00803cd0                __alt_stack_base = ABSOLUTE (.)
                0x00803cd0                PROVIDE (_alt_partition_new_sdram_controller_0_load_addr, LOADADDR (.new_sdram_controller_0))

.onchip_memory2_0
                0x01008020        0x0 load address 0x00803cd0
                0x01008020                PROVIDE (_alt_partition_onchip_memory2_0_start, ABSOLUTE (.))
 *(.onchip_memory2_0. onchip_memory2_0.*)
                0x01008020                . = ALIGN (0x4)
                0x01008020                PROVIDE (_alt_partition_onchip_memory2_0_end, ABSOLUTE (.))
                0x00803cd0                PROVIDE (_alt_partition_onchip_memory2_0_load_addr, LOADADDR (.onchip_memory2_0))

.stab
 *(.stab)

.stabstr
 *(.stabstr)

.stab.excl
 *(.stab.excl)

.stab.exclstr
 *(.stab.exclstr)

.stab.index
 *(.stab.index)

.stab.indexstr
 *(.stab.indexstr)

.comment        0x00000000       0x26
 *(.comment)
 .comment       0x00000000       0x26 obj/default/source.o
                                 0x27 (size before relaxing)
 .comment       0x00000000       0x27 c:/altera/13.0sp1/nios2eds/bin/gnu/h-i686-mingw32/bin/../lib/gcc/nios2-elf/4.1.2/mno-hw-mul\libgcc.a(lib2-divmod.o)
 .comment       0x00000000       0x27 c:/altera/13.0sp1/nios2eds/bin/gnu/h-i686-mingw32/bin/../lib/gcc/nios2-elf/4.1.2/mno-hw-mul\libgcc.a(lib2-mul.o)
 .comment       0x00000000       0x27 c:/altera/13.0sp1/nios2eds/bin/gnu/h-i686-mingw32/bin/../lib/gcc/nios2-elf/4.1.2/../../../../nios2-elf/lib/mno-hw-mul\libsmallc.a(lib_a-memset.o)
 .comment       0x00000000       0x27 c:/altera/13.0sp1/nios2eds/bin/gnu/h-i686-mingw32/bin/../lib/gcc/nios2-elf/4.1.2/../../../../nios2-elf/lib/mno-hw-mul\libsmallc.a(lib_a-printf.o)
 .comment       0x00000000       0x27 c:/altera/13.0sp1/nios2eds/bin/gnu/h-i686-mingw32/bin/../lib/gcc/nios2-elf/4.1.2/../../../../nios2-elf/lib/mno-hw-mul\libsmallc.a(lib_a-putchar.o)
 .comment       0x00000000       0x27 c:/altera/13.0sp1/nios2eds/bin/gnu/h-i686-mingw32/bin/../lib/gcc/nios2-elf/4.1.2/../../../../nios2-elf/lib/mno-hw-mul\libsmallc.a(lib_a-puts.o)
 .comment       0x00000000       0x27 c:/altera/13.0sp1/nios2eds/bin/gnu/h-i686-mingw32/bin/../lib/gcc/nios2-elf/4.1.2/../../../../nios2-elf/lib/mno-hw-mul\libsmallc.a(lib_a-strlen.o)
 .comment       0x00000000       0x27 c:/altera/13.0sp1/nios2eds/bin/gnu/h-i686-mingw32/bin/../lib/gcc/nios2-elf/4.1.2/../../../../nios2-elf/lib/mno-hw-mul\libsmallc.a(lib_a-vfprintf.o)
 .comment       0x00000000       0x27 c:/altera/13.0sp1/nios2eds/bin/gnu/h-i686-mingw32/bin/../lib/gcc/nios2-elf/4.1.2/../../../../nios2-elf/lib/mno-hw-mul\libsmallc.a(lib_a-fvwrite_small_dev.o)
 .comment       0x00000000       0x27 c:/altera/13.0sp1/nios2eds/bin/gnu/h-i686-mingw32/bin/../lib/gcc/nios2-elf/4.1.2/../../../../nios2-elf/lib/mno-hw-mul\libsmallc.a(lib_a-impure.o)
 .comment       0x00000000       0x27 c:/altera/13.0sp1/nios2eds/bin/gnu/h-i686-mingw32/bin/../lib/gcc/nios2-elf/4.1.2/../../../../nios2-elf/lib/mno-hw-mul\libsmallc.a(lib_a-putc.o)
 .comment       0x00000000       0x27 c:/altera/13.0sp1/nios2eds/bin/gnu/h-i686-mingw32/bin/../lib/gcc/nios2-elf/4.1.2/../../../../nios2-elf/lib/mno-hw-mul\libsmallc.a(lib_a-writer.o)
 .comment       0x00000000       0x27 c:/altera/13.0sp1/nios2eds/bin/gnu/h-i686-mingw32/bin/../lib/gcc/nios2-elf/4.1.2/../../../../nios2-elf/lib/mno-hw-mul\libsmallc.a(lib_a-int_errno.o)
 .comment       0x00000000       0x27 ../system2_bsp/\libhal_bsp.a(alt_load.o)
 .comment       0x00000000       0x27 ../system2_bsp/\libhal_bsp.a(alt_main.o)
 .comment       0x00000000       0x27 ../system2_bsp/\libhal_bsp.a(alt_write.o)
 .comment       0x00000000       0x27 ../system2_bsp/\libhal_bsp.a(alt_sys_init.o)
 .comment       0x00000000       0x27 ../system2_bsp/\libhal_bsp.a(altera_avalon_jtag_uart_fd.o)
 .comment       0x00000000       0x27 ../system2_bsp/\libhal_bsp.a(altera_avalon_jtag_uart_read.o)
 .comment       0x00000000       0x27 ../system2_bsp/\libhal_bsp.a(altera_avalon_jtag_uart_write.o)
 .comment       0x00000000       0x27 ../system2_bsp/\libhal_bsp.a(alt_close.o)
 .comment       0x00000000       0x27 ../system2_bsp/\libhal_bsp.a(alt_dcache_flush_all.o)
 .comment       0x00000000       0x27 ../system2_bsp/\libhal_bsp.a(alt_dev.o)
 .comment       0x00000000       0x27 ../system2_bsp/\libhal_bsp.a(alt_dev_llist_insert.o)
 .comment       0x00000000       0x27 ../system2_bsp/\libhal_bsp.a(alt_do_ctors.o)
 .comment       0x00000000       0x27 ../system2_bsp/\libhal_bsp.a(alt_do_dtors.o)
 .comment       0x00000000       0x27 ../system2_bsp/\libhal_bsp.a(alt_errno.o)
 .comment       0x00000000       0x27 ../system2_bsp/\libhal_bsp.a(alt_icache_flush_all.o)
 .comment       0x00000000       0x27 ../system2_bsp/\libhal_bsp.a(alt_io_redirect.o)
 .comment       0x00000000       0x27 ../system2_bsp/\libhal_bsp.a(alt_open.o)
 .comment       0x00000000       0x27 ../system2_bsp/\libhal_bsp.a(alt_release_fd.o)
 .comment       0x00000000       0x27 ../system2_bsp/\libhal_bsp.a(altera_nios2_qsys_irq.o)
 .comment       0x00000000       0x27 ../system2_bsp/\libhal_bsp.a(alt_find_dev.o)
 .comment       0x00000000       0x27 ../system2_bsp/\libhal_bsp.a(alt_find_file.o)
 .comment       0x00000000       0x27 ../system2_bsp/\libhal_bsp.a(alt_get_fd.o)
 .comment       0x00000000       0x27 c:/altera/13.0sp1/nios2eds/bin/gnu/h-i686-mingw32/bin/../lib/gcc/nios2-elf/4.1.2/../../../../nios2-elf/lib/mno-hw-mul\libsmallc.a(lib_a-atexit.o)
 .comment       0x00000000       0x27 c:/altera/13.0sp1/nios2eds/bin/gnu/h-i686-mingw32/bin/../lib/gcc/nios2-elf/4.1.2/../../../../nios2-elf/lib/mno-hw-mul\libsmallc.a(lib_a-exit.o)
 .comment       0x00000000       0x27 c:/altera/13.0sp1/nios2eds/bin/gnu/h-i686-mingw32/bin/../lib/gcc/nios2-elf/4.1.2/../../../../nios2-elf/lib/mno-hw-mul\libsmallc.a(lib_a-memcmp.o)
 .comment       0x00000000       0x27 c:/altera/13.0sp1/nios2eds/bin/gnu/h-i686-mingw32/bin/../lib/gcc/nios2-elf/4.1.2/../../../../nios2-elf/lib/mno-hw-mul\libsmallc.a(lib_a-__atexit.o)
 .comment       0x00000000       0x27 c:/altera/13.0sp1/nios2eds/bin/gnu/h-i686-mingw32/bin/../lib/gcc/nios2-elf/4.1.2/../../../../nios2-elf/lib/mno-hw-mul\libsmallc.a(lib_a-__call_atexit.o)
 .comment       0x00000000       0x27 ../system2_bsp/\libhal_bsp.a(alt_exit.o)

.debug
 *(.debug)

.line
 *(.line)

.debug_srcinfo
 *(.debug_srcinfo)

.debug_sfnames
 *(.debug_sfnames)

.debug_aranges  0x00000000      0x508
 *(.debug_aranges)
 .debug_aranges
                0x00000000       0x28 ../system2_bsp//obj/HAL/src/crt0.o
 .debug_aranges
                0x00000028       0x20 obj/default/source.o
 .debug_aranges
                0x00000048       0x20 c:/altera/13.0sp1/nios2eds/bin/gnu/h-i686-mingw32/bin/../lib/gcc/nios2-elf/4.1.2/mno-hw-mul\libgcc.a(lib2-divmod.o)
 .debug_aranges
                0x00000068       0x20 c:/altera/13.0sp1/nios2eds/bin/gnu/h-i686-mingw32/bin/../lib/gcc/nios2-elf/4.1.2/mno-hw-mul\libgcc.a(lib2-mul.o)
 .debug_aranges
                0x00000088       0x20 c:/altera/13.0sp1/nios2eds/bin/gnu/h-i686-mingw32/bin/../lib/gcc/nios2-elf/4.1.2/../../../../nios2-elf/lib/mno-hw-mul\libsmallc.a(lib_a-memset.o)
 .debug_aranges
                0x000000a8       0x20 c:/altera/13.0sp1/nios2eds/bin/gnu/h-i686-mingw32/bin/../lib/gcc/nios2-elf/4.1.2/../../../../nios2-elf/lib/mno-hw-mul\libsmallc.a(lib_a-printf.o)
 .debug_aranges
                0x000000c8       0x20 c:/altera/13.0sp1/nios2eds/bin/gnu/h-i686-mingw32/bin/../lib/gcc/nios2-elf/4.1.2/../../../../nios2-elf/lib/mno-hw-mul\libsmallc.a(lib_a-putchar.o)
 .debug_aranges
                0x000000e8       0x20 c:/altera/13.0sp1/nios2eds/bin/gnu/h-i686-mingw32/bin/../lib/gcc/nios2-elf/4.1.2/../../../../nios2-elf/lib/mno-hw-mul\libsmallc.a(lib_a-puts.o)
 .debug_aranges
                0x00000108       0x20 c:/altera/13.0sp1/nios2eds/bin/gnu/h-i686-mingw32/bin/../lib/gcc/nios2-elf/4.1.2/../../../../nios2-elf/lib/mno-hw-mul\libsmallc.a(lib_a-strlen.o)
 .debug_aranges
                0x00000128       0x20 c:/altera/13.0sp1/nios2eds/bin/gnu/h-i686-mingw32/bin/../lib/gcc/nios2-elf/4.1.2/../../../../nios2-elf/lib/mno-hw-mul\libsmallc.a(lib_a-vfprintf.o)
 .debug_aranges
                0x00000148       0x20 c:/altera/13.0sp1/nios2eds/bin/gnu/h-i686-mingw32/bin/../lib/gcc/nios2-elf/4.1.2/../../../../nios2-elf/lib/mno-hw-mul\libsmallc.a(lib_a-fvwrite_small_dev.o)
 .debug_aranges
                0x00000168       0x20 c:/altera/13.0sp1/nios2eds/bin/gnu/h-i686-mingw32/bin/../lib/gcc/nios2-elf/4.1.2/../../../../nios2-elf/lib/mno-hw-mul\libsmallc.a(lib_a-putc.o)
 .debug_aranges
                0x00000188       0x20 c:/altera/13.0sp1/nios2eds/bin/gnu/h-i686-mingw32/bin/../lib/gcc/nios2-elf/4.1.2/../../../../nios2-elf/lib/mno-hw-mul\libsmallc.a(lib_a-writer.o)
 .debug_aranges
                0x000001a8       0x20 ../system2_bsp/\libhal_bsp.a(alt_load.o)
 .debug_aranges
                0x000001c8       0x20 ../system2_bsp/\libhal_bsp.a(alt_main.o)
 .debug_aranges
                0x000001e8       0x20 ../system2_bsp/\libhal_bsp.a(alt_write.o)
 .debug_aranges
                0x00000208       0x20 ../system2_bsp/\libhal_bsp.a(alt_sys_init.o)
 .debug_aranges
                0x00000228       0x20 ../system2_bsp/\libhal_bsp.a(altera_avalon_jtag_uart_fd.o)
 .debug_aranges
                0x00000248       0x20 ../system2_bsp/\libhal_bsp.a(altera_avalon_jtag_uart_read.o)
 .debug_aranges
                0x00000268       0x20 ../system2_bsp/\libhal_bsp.a(altera_avalon_jtag_uart_write.o)
 .debug_aranges
                0x00000288       0x20 ../system2_bsp/\libhal_bsp.a(alt_close.o)
 .debug_aranges
                0x000002a8       0x20 ../system2_bsp/\libhal_bsp.a(alt_dcache_flush_all.o)
 .debug_aranges
                0x000002c8       0x20 ../system2_bsp/\libhal_bsp.a(alt_dev.o)
 .debug_aranges
                0x000002e8       0x20 ../system2_bsp/\libhal_bsp.a(alt_dev_llist_insert.o)
 .debug_aranges
                0x00000308       0x20 ../system2_bsp/\libhal_bsp.a(alt_do_ctors.o)
 .debug_aranges
                0x00000328       0x20 ../system2_bsp/\libhal_bsp.a(alt_do_dtors.o)
 .debug_aranges
                0x00000348       0x20 ../system2_bsp/\libhal_bsp.a(alt_icache_flush_all.o)
 .debug_aranges
                0x00000368       0x20 ../system2_bsp/\libhal_bsp.a(alt_io_redirect.o)
 .debug_aranges
                0x00000388       0x20 ../system2_bsp/\libhal_bsp.a(alt_open.o)
 .debug_aranges
                0x000003a8       0x20 ../system2_bsp/\libhal_bsp.a(alt_release_fd.o)
 .debug_aranges
                0x000003c8       0x20 ../system2_bsp/\libhal_bsp.a(altera_nios2_qsys_irq.o)
 .debug_aranges
                0x000003e8       0x20 ../system2_bsp/\libhal_bsp.a(alt_find_dev.o)
 .debug_aranges
                0x00000408       0x20 ../system2_bsp/\libhal_bsp.a(alt_find_file.o)
 .debug_aranges
                0x00000428       0x20 ../system2_bsp/\libhal_bsp.a(alt_get_fd.o)
 .debug_aranges
                0x00000448       0x20 c:/altera/13.0sp1/nios2eds/bin/gnu/h-i686-mingw32/bin/../lib/gcc/nios2-elf/4.1.2/../../../../nios2-elf/lib/mno-hw-mul\libsmallc.a(lib_a-atexit.o)
 .debug_aranges
                0x00000468       0x20 c:/altera/13.0sp1/nios2eds/bin/gnu/h-i686-mingw32/bin/../lib/gcc/nios2-elf/4.1.2/../../../../nios2-elf/lib/mno-hw-mul\libsmallc.a(lib_a-exit.o)
 .debug_aranges
                0x00000488       0x20 c:/altera/13.0sp1/nios2eds/bin/gnu/h-i686-mingw32/bin/../lib/gcc/nios2-elf/4.1.2/../../../../nios2-elf/lib/mno-hw-mul\libsmallc.a(lib_a-memcmp.o)
 .debug_aranges
                0x000004a8       0x20 c:/altera/13.0sp1/nios2eds/bin/gnu/h-i686-mingw32/bin/../lib/gcc/nios2-elf/4.1.2/../../../../nios2-elf/lib/mno-hw-mul\libsmallc.a(lib_a-__atexit.o)
 .debug_aranges
                0x000004c8       0x20 c:/altera/13.0sp1/nios2eds/bin/gnu/h-i686-mingw32/bin/../lib/gcc/nios2-elf/4.1.2/../../../../nios2-elf/lib/mno-hw-mul\libsmallc.a(lib_a-__call_atexit.o)
 .debug_aranges
                0x000004e8       0x20 ../system2_bsp/\libhal_bsp.a(alt_exit.o)

.debug_pubnames
                0x00000000      0x6eb
 *(.debug_pubnames)
 .debug_pubnames
                0x00000000       0x1b obj/default/source.o
 .debug_pubnames
                0x0000001b       0x48 c:/altera/13.0sp1/nios2eds/bin/gnu/h-i686-mingw32/bin/../lib/gcc/nios2-elf/4.1.2/mno-hw-mul\libgcc.a(lib2-divmod.o)
 .debug_pubnames
                0x00000063       0x1f c:/altera/13.0sp1/nios2eds/bin/gnu/h-i686-mingw32/bin/../lib/gcc/nios2-elf/4.1.2/mno-hw-mul\libgcc.a(lib2-mul.o)
 .debug_pubnames
                0x00000082       0x1d c:/altera/13.0sp1/nios2eds/bin/gnu/h-i686-mingw32/bin/../lib/gcc/nios2-elf/4.1.2/../../../../nios2-elf/lib/mno-hw-mul\libsmallc.a(lib_a-memset.o)
 .debug_pubnames
                0x0000009f       0x2b c:/altera/13.0sp1/nios2eds/bin/gnu/h-i686-mingw32/bin/../lib/gcc/nios2-elf/4.1.2/../../../../nios2-elf/lib/mno-hw-mul\libsmallc.a(lib_a-printf.o)
 .debug_pubnames
                0x000000ca       0x2d c:/altera/13.0sp1/nios2eds/bin/gnu/h-i686-mingw32/bin/../lib/gcc/nios2-elf/4.1.2/../../../../nios2-elf/lib/mno-hw-mul\libsmallc.a(lib_a-putchar.o)
 .debug_pubnames
                0x000000f7       0x27 c:/altera/13.0sp1/nios2eds/bin/gnu/h-i686-mingw32/bin/../lib/gcc/nios2-elf/4.1.2/../../../../nios2-elf/lib/mno-hw-mul\libsmallc.a(lib_a-puts.o)
 .debug_pubnames
                0x0000011e       0x1d c:/altera/13.0sp1/nios2eds/bin/gnu/h-i686-mingw32/bin/../lib/gcc/nios2-elf/4.1.2/../../../../nios2-elf/lib/mno-hw-mul\libsmallc.a(lib_a-strlen.o)
 .debug_pubnames
                0x0000013b       0x45 c:/altera/13.0sp1/nios2eds/bin/gnu/h-i686-mingw32/bin/../lib/gcc/nios2-elf/4.1.2/../../../../nios2-elf/lib/mno-hw-mul\libsmallc.a(lib_a-vfprintf.o)
 .debug_pubnames
                0x00000180       0x2b c:/altera/13.0sp1/nios2eds/bin/gnu/h-i686-mingw32/bin/../lib/gcc/nios2-elf/4.1.2/../../../../nios2-elf/lib/mno-hw-mul\libsmallc.a(lib_a-fvwrite_small_dev.o)
 .debug_pubnames
                0x000001ab       0x39 c:/altera/13.0sp1/nios2eds/bin/gnu/h-i686-mingw32/bin/../lib/gcc/nios2-elf/4.1.2/../../../../nios2-elf/lib/mno-hw-mul\libsmallc.a(lib_a-impure.o)
 .debug_pubnames
                0x000001e4       0x27 c:/altera/13.0sp1/nios2eds/bin/gnu/h-i686-mingw32/bin/../lib/gcc/nios2-elf/4.1.2/../../../../nios2-elf/lib/mno-hw-mul\libsmallc.a(lib_a-putc.o)
 .debug_pubnames
                0x0000020b       0x1f c:/altera/13.0sp1/nios2eds/bin/gnu/h-i686-mingw32/bin/../lib/gcc/nios2-elf/4.1.2/../../../../nios2-elf/lib/mno-hw-mul\libsmallc.a(lib_a-writer.o)
 .debug_pubnames
                0x0000022a       0x1c c:/altera/13.0sp1/nios2eds/bin/gnu/h-i686-mingw32/bin/../lib/gcc/nios2-elf/4.1.2/../../../../nios2-elf/lib/mno-hw-mul\libsmallc.a(lib_a-int_errno.o)
 .debug_pubnames
                0x00000246       0x1f ../system2_bsp/\libhal_bsp.a(alt_load.o)
 .debug_pubnames
                0x00000265       0x46 ../system2_bsp/\libhal_bsp.a(alt_main.o)
 .debug_pubnames
                0x000002ab       0x1c ../system2_bsp/\libhal_bsp.a(alt_write.o)
 .debug_pubnames
                0x000002c7       0x34 ../system2_bsp/\libhal_bsp.a(alt_sys_init.o)
 .debug_pubnames
                0x000002fb       0x5b ../system2_bsp/\libhal_bsp.a(altera_avalon_jtag_uart_fd.o)
 .debug_pubnames
                0x00000356       0x33 ../system2_bsp/\libhal_bsp.a(altera_avalon_jtag_uart_read.o)
 .debug_pubnames
                0x00000389       0x34 ../system2_bsp/\libhal_bsp.a(altera_avalon_jtag_uart_write.o)
 .debug_pubnames
                0x000003bd       0x1c ../system2_bsp/\libhal_bsp.a(alt_close.o)
 .debug_pubnames
                0x000003d9       0x2b ../system2_bsp/\libhal_bsp.a(alt_dcache_flush_all.o)
 .debug_pubnames
                0x00000404       0x63 ../system2_bsp/\libhal_bsp.a(alt_dev.o)
 .debug_pubnames
                0x00000467       0x2b ../system2_bsp/\libhal_bsp.a(alt_dev_llist_insert.o)
 .debug_pubnames
                0x00000492       0x20 ../system2_bsp/\libhal_bsp.a(alt_do_ctors.o)
 .debug_pubnames
                0x000004b2       0x20 ../system2_bsp/\libhal_bsp.a(alt_do_dtors.o)
 .debug_pubnames
                0x000004d2       0x20 ../system2_bsp/\libhal_bsp.a(alt_errno.o)
 .debug_pubnames
                0x000004f2       0x2b ../system2_bsp/\libhal_bsp.a(alt_icache_flush_all.o)
 .debug_pubnames
                0x0000051d       0x26 ../system2_bsp/\libhal_bsp.a(alt_io_redirect.o)
 .debug_pubnames
                0x00000543       0x1b ../system2_bsp/\libhal_bsp.a(alt_open.o)
 .debug_pubnames
                0x0000055e       0x25 ../system2_bsp/\libhal_bsp.a(alt_release_fd.o)
 .debug_pubnames
                0x00000583       0x31 ../system2_bsp/\libhal_bsp.a(altera_nios2_qsys_irq.o)
 .debug_pubnames
                0x000005b4       0x23 ../system2_bsp/\libhal_bsp.a(alt_find_dev.o)
 .debug_pubnames
                0x000005d7       0x24 ../system2_bsp/\libhal_bsp.a(alt_find_file.o)
 .debug_pubnames
                0x000005fb       0x21 ../system2_bsp/\libhal_bsp.a(alt_get_fd.o)
 .debug_pubnames
                0x0000061c       0x2a c:/altera/13.0sp1/nios2eds/bin/gnu/h-i686-mingw32/bin/../lib/gcc/nios2-elf/4.1.2/../../../../nios2-elf/lib/mno-hw-mul\libsmallc.a(lib_a-atexit.o)
 .debug_pubnames
                0x00000646       0x1b c:/altera/13.0sp1/nios2eds/bin/gnu/h-i686-mingw32/bin/../lib/gcc/nios2-elf/4.1.2/../../../../nios2-elf/lib/mno-hw-mul\libsmallc.a(lib_a-exit.o)
 .debug_pubnames
                0x00000661       0x1d c:/altera/13.0sp1/nios2eds/bin/gnu/h-i686-mingw32/bin/../lib/gcc/nios2-elf/4.1.2/../../../../nios2-elf/lib/mno-hw-mul\libsmallc.a(lib_a-memcmp.o)
 .debug_pubnames
                0x0000067e       0x2a c:/altera/13.0sp1/nios2eds/bin/gnu/h-i686-mingw32/bin/../lib/gcc/nios2-elf/4.1.2/../../../../nios2-elf/lib/mno-hw-mul\libsmallc.a(lib_a-__atexit.o)
 .debug_pubnames
                0x000006a8       0x27 c:/altera/13.0sp1/nios2eds/bin/gnu/h-i686-mingw32/bin/../lib/gcc/nios2-elf/4.1.2/../../../../nios2-elf/lib/mno-hw-mul\libsmallc.a(lib_a-__call_atexit.o)
 .debug_pubnames
                0x000006cf       0x1c ../system2_bsp/\libhal_bsp.a(alt_exit.o)

.debug_info     0x00000000     0x9f57
 *(.debug_info .gnu.linkonce.wi.*)
 .debug_info    0x00000000       0x5f ../system2_bsp//obj/HAL/src/crt0.o
 .debug_info    0x0000005f      0x4eb obj/default/source.o
 .debug_info    0x0000054a      0x21c c:/altera/13.0sp1/nios2eds/bin/gnu/h-i686-mingw32/bin/../lib/gcc/nios2-elf/4.1.2/mno-hw-mul\libgcc.a(lib2-divmod.o)
 .debug_info    0x00000766       0xf3 c:/altera/13.0sp1/nios2eds/bin/gnu/h-i686-mingw32/bin/../lib/gcc/nios2-elf/4.1.2/mno-hw-mul\libgcc.a(lib2-mul.o)
 .debug_info    0x00000859       0xd7 c:/altera/13.0sp1/nios2eds/bin/gnu/h-i686-mingw32/bin/../lib/gcc/nios2-elf/4.1.2/../../../../nios2-elf/lib/mno-hw-mul\libsmallc.a(lib_a-memset.o)
 .debug_info    0x00000930      0x6c8 c:/altera/13.0sp1/nios2eds/bin/gnu/h-i686-mingw32/bin/../lib/gcc/nios2-elf/4.1.2/../../../../nios2-elf/lib/mno-hw-mul\libsmallc.a(lib_a-printf.o)
 .debug_info    0x00000ff8      0x66b c:/altera/13.0sp1/nios2eds/bin/gnu/h-i686-mingw32/bin/../lib/gcc/nios2-elf/4.1.2/../../../../nios2-elf/lib/mno-hw-mul\libsmallc.a(lib_a-putchar.o)
 .debug_info    0x00001663      0x685 c:/altera/13.0sp1/nios2eds/bin/gnu/h-i686-mingw32/bin/../lib/gcc/nios2-elf/4.1.2/../../../../nios2-elf/lib/mno-hw-mul\libsmallc.a(lib_a-puts.o)
 .debug_info    0x00001ce8       0xc2 c:/altera/13.0sp1/nios2eds/bin/gnu/h-i686-mingw32/bin/../lib/gcc/nios2-elf/4.1.2/../../../../nios2-elf/lib/mno-hw-mul\libsmallc.a(lib_a-strlen.o)
 .debug_info    0x00001daa      0x9b6 c:/altera/13.0sp1/nios2eds/bin/gnu/h-i686-mingw32/bin/../lib/gcc/nios2-elf/4.1.2/../../../../nios2-elf/lib/mno-hw-mul\libsmallc.a(lib_a-vfprintf.o)
 .debug_info    0x00002760      0x68e c:/altera/13.0sp1/nios2eds/bin/gnu/h-i686-mingw32/bin/../lib/gcc/nios2-elf/4.1.2/../../../../nios2-elf/lib/mno-hw-mul\libsmallc.a(lib_a-fvwrite_small_dev.o)
 .debug_info    0x00002dee      0x636 c:/altera/13.0sp1/nios2eds/bin/gnu/h-i686-mingw32/bin/../lib/gcc/nios2-elf/4.1.2/../../../../nios2-elf/lib/mno-hw-mul\libsmallc.a(lib_a-impure.o)
 .debug_info    0x00003424      0x6b8 c:/altera/13.0sp1/nios2eds/bin/gnu/h-i686-mingw32/bin/../lib/gcc/nios2-elf/4.1.2/../../../../nios2-elf/lib/mno-hw-mul\libsmallc.a(lib_a-putc.o)
 .debug_info    0x00003adc      0x68c c:/altera/13.0sp1/nios2eds/bin/gnu/h-i686-mingw32/bin/../lib/gcc/nios2-elf/4.1.2/../../../../nios2-elf/lib/mno-hw-mul\libsmallc.a(lib_a-writer.o)
 .debug_info    0x00004168       0x8c c:/altera/13.0sp1/nios2eds/bin/gnu/h-i686-mingw32/bin/../lib/gcc/nios2-elf/4.1.2/../../../../nios2-elf/lib/mno-hw-mul\libsmallc.a(lib_a-int_errno.o)
 .debug_info    0x000041f4      0x271 ../system2_bsp/\libhal_bsp.a(alt_load.o)
 .debug_info    0x00004465      0x209 ../system2_bsp/\libhal_bsp.a(alt_main.o)
 .debug_info    0x0000466e      0x677 ../system2_bsp/\libhal_bsp.a(alt_write.o)
 .debug_info    0x00004ce5      0x55d ../system2_bsp/\libhal_bsp.a(alt_sys_init.o)
 .debug_info    0x00005242      0x59d ../system2_bsp/\libhal_bsp.a(altera_avalon_jtag_uart_fd.o)
 .debug_info    0x000057df      0x2ed ../system2_bsp/\libhal_bsp.a(altera_avalon_jtag_uart_read.o)
 .debug_info    0x00005acc      0x2ca ../system2_bsp/\libhal_bsp.a(altera_avalon_jtag_uart_write.o)
 .debug_info    0x00005d96      0x44b ../system2_bsp/\libhal_bsp.a(alt_close.o)
 .debug_info    0x000061e1      0x140 ../system2_bsp/\libhal_bsp.a(alt_dcache_flush_all.o)
 .debug_info    0x00006321      0x663 ../system2_bsp/\libhal_bsp.a(alt_dev.o)
 .debug_info    0x00006984      0x29b ../system2_bsp/\libhal_bsp.a(alt_dev_llist_insert.o)
 .debug_info    0x00006c1f       0xf3 ../system2_bsp/\libhal_bsp.a(alt_do_ctors.o)
 .debug_info    0x00006d12       0xf2 ../system2_bsp/\libhal_bsp.a(alt_do_dtors.o)
 .debug_info    0x00006e04      0x148 ../system2_bsp/\libhal_bsp.a(alt_errno.o)
 .debug_info    0x00006f4c      0x140 ../system2_bsp/\libhal_bsp.a(alt_icache_flush_all.o)
 .debug_info    0x0000708c      0x679 ../system2_bsp/\libhal_bsp.a(alt_io_redirect.o)
 .debug_info    0x00007705      0x509 ../system2_bsp/\libhal_bsp.a(alt_open.o)
 .debug_info    0x00007c0e      0x3d6 ../system2_bsp/\libhal_bsp.a(alt_release_fd.o)
 .debug_info    0x00007fe4      0x147 ../system2_bsp/\libhal_bsp.a(altera_nios2_qsys_irq.o)
 .debug_info    0x0000812b      0x3fc ../system2_bsp/\libhal_bsp.a(alt_find_dev.o)
 .debug_info    0x00008527      0x403 ../system2_bsp/\libhal_bsp.a(alt_find_file.o)
 .debug_info    0x0000892a      0x444 ../system2_bsp/\libhal_bsp.a(alt_get_fd.o)
 .debug_info    0x00008d6e      0x186 c:/altera/13.0sp1/nios2eds/bin/gnu/h-i686-mingw32/bin/../lib/gcc/nios2-elf/4.1.2/../../../../nios2-elf/lib/mno-hw-mul\libsmallc.a(lib_a-atexit.o)
 .debug_info    0x00008ef4       0x9f c:/altera/13.0sp1/nios2eds/bin/gnu/h-i686-mingw32/bin/../lib/gcc/nios2-elf/4.1.2/../../../../nios2-elf/lib/mno-hw-mul\libsmallc.a(lib_a-exit.o)
 .debug_info    0x00008f93       0xef c:/altera/13.0sp1/nios2eds/bin/gnu/h-i686-mingw32/bin/../lib/gcc/nios2-elf/4.1.2/../../../../nios2-elf/lib/mno-hw-mul\libsmallc.a(lib_a-memcmp.o)
 .debug_info    0x00009082      0x68f c:/altera/13.0sp1/nios2eds/bin/gnu/h-i686-mingw32/bin/../lib/gcc/nios2-elf/4.1.2/../../../../nios2-elf/lib/mno-hw-mul\libsmallc.a(lib_a-__atexit.o)
 .debug_info    0x00009711      0x6d5 c:/altera/13.0sp1/nios2eds/bin/gnu/h-i686-mingw32/bin/../lib/gcc/nios2-elf/4.1.2/../../../../nios2-elf/lib/mno-hw-mul\libsmallc.a(lib_a-__call_atexit.o)
 .debug_info    0x00009de6      0x171 ../system2_bsp/\libhal_bsp.a(alt_exit.o)

.debug_abbrev   0x00000000     0x24fc
 *(.debug_abbrev)
 .debug_abbrev  0x00000000       0x12 ../system2_bsp//obj/HAL/src/crt0.o
 .debug_abbrev  0x00000012      0x102 obj/default/source.o
 .debug_abbrev  0x00000114       0xe0 c:/altera/13.0sp1/nios2eds/bin/gnu/h-i686-mingw32/bin/../lib/gcc/nios2-elf/4.1.2/mno-hw-mul\libgcc.a(lib2-divmod.o)
 .debug_abbrev  0x000001f4       0x7b c:/altera/13.0sp1/nios2eds/bin/gnu/h-i686-mingw32/bin/../lib/gcc/nios2-elf/4.1.2/mno-hw-mul\libgcc.a(lib2-mul.o)
 .debug_abbrev  0x0000026f       0x8b c:/altera/13.0sp1/nios2eds/bin/gnu/h-i686-mingw32/bin/../lib/gcc/nios2-elf/4.1.2/../../../../nios2-elf/lib/mno-hw-mul\libsmallc.a(lib_a-memset.o)
 .debug_abbrev  0x000002fa      0x179 c:/altera/13.0sp1/nios2eds/bin/gnu/h-i686-mingw32/bin/../lib/gcc/nios2-elf/4.1.2/../../../../nios2-elf/lib/mno-hw-mul\libsmallc.a(lib_a-printf.o)
 .debug_abbrev  0x00000473      0x158 c:/altera/13.0sp1/nios2eds/bin/gnu/h-i686-mingw32/bin/../lib/gcc/nios2-elf/4.1.2/../../../../nios2-elf/lib/mno-hw-mul\libsmallc.a(lib_a-putchar.o)
 .debug_abbrev  0x000005cb      0x180 c:/altera/13.0sp1/nios2eds/bin/gnu/h-i686-mingw32/bin/../lib/gcc/nios2-elf/4.1.2/../../../../nios2-elf/lib/mno-hw-mul\libsmallc.a(lib_a-puts.o)
 .debug_abbrev  0x0000074b       0x7a c:/altera/13.0sp1/nios2eds/bin/gnu/h-i686-mingw32/bin/../lib/gcc/nios2-elf/4.1.2/../../../../nios2-elf/lib/mno-hw-mul\libsmallc.a(lib_a-strlen.o)
 .debug_abbrev  0x000007c5      0x263 c:/altera/13.0sp1/nios2eds/bin/gnu/h-i686-mingw32/bin/../lib/gcc/nios2-elf/4.1.2/../../../../nios2-elf/lib/mno-hw-mul\libsmallc.a(lib_a-vfprintf.o)
 .debug_abbrev  0x00000a28      0x179 c:/altera/13.0sp1/nios2eds/bin/gnu/h-i686-mingw32/bin/../lib/gcc/nios2-elf/4.1.2/../../../../nios2-elf/lib/mno-hw-mul\libsmallc.a(lib_a-fvwrite_small_dev.o)
 .debug_abbrev  0x00000ba1      0x13f c:/altera/13.0sp1/nios2eds/bin/gnu/h-i686-mingw32/bin/../lib/gcc/nios2-elf/4.1.2/../../../../nios2-elf/lib/mno-hw-mul\libsmallc.a(lib_a-impure.o)
 .debug_abbrev  0x00000ce0      0x167 c:/altera/13.0sp1/nios2eds/bin/gnu/h-i686-mingw32/bin/../lib/gcc/nios2-elf/4.1.2/../../../../nios2-elf/lib/mno-hw-mul\libsmallc.a(lib_a-putc.o)
 .debug_abbrev  0x00000e47      0x16c c:/altera/13.0sp1/nios2eds/bin/gnu/h-i686-mingw32/bin/../lib/gcc/nios2-elf/4.1.2/../../../../nios2-elf/lib/mno-hw-mul\libsmallc.a(lib_a-writer.o)
 .debug_abbrev  0x00000fb3       0x3b c:/altera/13.0sp1/nios2eds/bin/gnu/h-i686-mingw32/bin/../lib/gcc/nios2-elf/4.1.2/../../../../nios2-elf/lib/mno-hw-mul\libsmallc.a(lib_a-int_errno.o)
 .debug_abbrev  0x00000fee       0x88 ../system2_bsp/\libhal_bsp.a(alt_load.o)
 .debug_abbrev  0x00001076       0xb7 ../system2_bsp/\libhal_bsp.a(alt_main.o)
 .debug_abbrev  0x0000112d      0x100 ../system2_bsp/\libhal_bsp.a(alt_write.o)
 .debug_abbrev  0x0000122d      0x121 ../system2_bsp/\libhal_bsp.a(alt_sys_init.o)
 .debug_abbrev  0x0000134e       0xcb ../system2_bsp/\libhal_bsp.a(altera_avalon_jtag_uart_fd.o)
 .debug_abbrev  0x00001419       0xb6 ../system2_bsp/\libhal_bsp.a(altera_avalon_jtag_uart_read.o)
 .debug_abbrev  0x000014cf       0xb4 ../system2_bsp/\libhal_bsp.a(altera_avalon_jtag_uart_write.o)
 .debug_abbrev  0x00001583       0xfb ../system2_bsp/\libhal_bsp.a(alt_close.o)
 .debug_abbrev  0x0000167e       0x3f ../system2_bsp/\libhal_bsp.a(alt_dcache_flush_all.o)
 .debug_abbrev  0x000016bd       0xc7 ../system2_bsp/\libhal_bsp.a(alt_dev.o)
 .debug_abbrev  0x00001784       0xf6 ../system2_bsp/\libhal_bsp.a(alt_dev_llist_insert.o)
 .debug_abbrev  0x0000187a       0x76 ../system2_bsp/\libhal_bsp.a(alt_do_ctors.o)
 .debug_abbrev  0x000018f0       0x76 ../system2_bsp/\libhal_bsp.a(alt_do_dtors.o)
 .debug_abbrev  0x00001966       0x5e ../system2_bsp/\libhal_bsp.a(alt_errno.o)
 .debug_abbrev  0x000019c4       0x3f ../system2_bsp/\libhal_bsp.a(alt_icache_flush_all.o)
 .debug_abbrev  0x00001a03       0xf0 ../system2_bsp/\libhal_bsp.a(alt_io_redirect.o)
 .debug_abbrev  0x00001af3      0x112 ../system2_bsp/\libhal_bsp.a(alt_open.o)
 .debug_abbrev  0x00001c05       0xc1 ../system2_bsp/\libhal_bsp.a(alt_release_fd.o)
 .debug_abbrev  0x00001cc6       0x3f ../system2_bsp/\libhal_bsp.a(altera_nios2_qsys_irq.o)
 .debug_abbrev  0x00001d05       0xcf ../system2_bsp/\libhal_bsp.a(alt_find_dev.o)
 .debug_abbrev  0x00001dd4       0xcf ../system2_bsp/\libhal_bsp.a(alt_find_file.o)
 .debug_abbrev  0x00001ea3       0xfb ../system2_bsp/\libhal_bsp.a(alt_get_fd.o)
 .debug_abbrev  0x00001f9e       0xc6 c:/altera/13.0sp1/nios2eds/bin/gnu/h-i686-mingw32/bin/../lib/gcc/nios2-elf/4.1.2/../../../../nios2-elf/lib/mno-hw-mul\libsmallc.a(lib_a-atexit.o)
 .debug_abbrev  0x00002064       0x4e c:/altera/13.0sp1/nios2eds/bin/gnu/h-i686-mingw32/bin/../lib/gcc/nios2-elf/4.1.2/../../../../nios2-elf/lib/mno-hw-mul\libsmallc.a(lib_a-exit.o)
 .debug_abbrev  0x000020b2       0x7c c:/altera/13.0sp1/nios2eds/bin/gnu/h-i686-mingw32/bin/../lib/gcc/nios2-elf/4.1.2/../../../../nios2-elf/lib/mno-hw-mul\libsmallc.a(lib_a-memcmp.o)
 .debug_abbrev  0x0000212e      0x196 c:/altera/13.0sp1/nios2eds/bin/gnu/h-i686-mingw32/bin/../lib/gcc/nios2-elf/4.1.2/../../../../nios2-elf/lib/mno-hw-mul\libsmallc.a(lib_a-__atexit.o)
 .debug_abbrev  0x000022c4      0x1c6 c:/altera/13.0sp1/nios2eds/bin/gnu/h-i686-mingw32/bin/../lib/gcc/nios2-elf/4.1.2/../../../../nios2-elf/lib/mno-hw-mul\libsmallc.a(lib_a-__call_atexit.o)
 .debug_abbrev  0x0000248a       0x72 ../system2_bsp/\libhal_bsp.a(alt_exit.o)

.debug_line     0x00000000     0x684a
 *(.debug_line)
 .debug_line    0x00000000       0x66 ../system2_bsp//obj/HAL/src/crt0.o
 .debug_line    0x00000066      0x665 obj/default/source.o
 .debug_line    0x000006cb      0x24f c:/altera/13.0sp1/nios2eds/bin/gnu/h-i686-mingw32/bin/../lib/gcc/nios2-elf/4.1.2/mno-hw-mul\libgcc.a(lib2-divmod.o)
 .debug_line    0x0000091a      0x11a c:/altera/13.0sp1/nios2eds/bin/gnu/h-i686-mingw32/bin/../lib/gcc/nios2-elf/4.1.2/mno-hw-mul\libgcc.a(lib2-mul.o)
 .debug_line    0x00000a34      0x258 c:/altera/13.0sp1/nios2eds/bin/gnu/h-i686-mingw32/bin/../lib/gcc/nios2-elf/4.1.2/../../../../nios2-elf/lib/mno-hw-mul\libsmallc.a(lib_a-memset.o)
 .debug_line    0x00000c8c      0x2be c:/altera/13.0sp1/nios2eds/bin/gnu/h-i686-mingw32/bin/../lib/gcc/nios2-elf/4.1.2/../../../../nios2-elf/lib/mno-hw-mul\libsmallc.a(lib_a-printf.o)
 .debug_line    0x00000f4a      0x267 c:/altera/13.0sp1/nios2eds/bin/gnu/h-i686-mingw32/bin/../lib/gcc/nios2-elf/4.1.2/../../../../nios2-elf/lib/mno-hw-mul\libsmallc.a(lib_a-putchar.o)
 .debug_line    0x000011b1      0x2b2 c:/altera/13.0sp1/nios2eds/bin/gnu/h-i686-mingw32/bin/../lib/gcc/nios2-elf/4.1.2/../../../../nios2-elf/lib/mno-hw-mul\libsmallc.a(lib_a-puts.o)
 .debug_line    0x00001463      0x250 c:/altera/13.0sp1/nios2eds/bin/gnu/h-i686-mingw32/bin/../lib/gcc/nios2-elf/4.1.2/../../../../nios2-elf/lib/mno-hw-mul\libsmallc.a(lib_a-strlen.o)
 .debug_line    0x000016b3      0x666 c:/altera/13.0sp1/nios2eds/bin/gnu/h-i686-mingw32/bin/../lib/gcc/nios2-elf/4.1.2/../../../../nios2-elf/lib/mno-hw-mul\libsmallc.a(lib_a-vfprintf.o)
 .debug_line    0x00001d19      0x2a9 c:/altera/13.0sp1/nios2eds/bin/gnu/h-i686-mingw32/bin/../lib/gcc/nios2-elf/4.1.2/../../../../nios2-elf/lib/mno-hw-mul\libsmallc.a(lib_a-fvwrite_small_dev.o)
 .debug_line    0x00001fc2      0x230 c:/altera/13.0sp1/nios2eds/bin/gnu/h-i686-mingw32/bin/../lib/gcc/nios2-elf/4.1.2/../../../../nios2-elf/lib/mno-hw-mul\libsmallc.a(lib_a-impure.o)
 .debug_line    0x000021f2      0x2d2 c:/altera/13.0sp1/nios2eds/bin/gnu/h-i686-mingw32/bin/../lib/gcc/nios2-elf/4.1.2/../../../../nios2-elf/lib/mno-hw-mul\libsmallc.a(lib_a-putc.o)
 .debug_line    0x000024c4      0x29d c:/altera/13.0sp1/nios2eds/bin/gnu/h-i686-mingw32/bin/../lib/gcc/nios2-elf/4.1.2/../../../../nios2-elf/lib/mno-hw-mul\libsmallc.a(lib_a-writer.o)
 .debug_line    0x00002761      0x1e2 c:/altera/13.0sp1/nios2eds/bin/gnu/h-i686-mingw32/bin/../lib/gcc/nios2-elf/4.1.2/../../../../nios2-elf/lib/mno-hw-mul\libsmallc.a(lib_a-int_errno.o)
 .debug_line    0x00002943      0x217 ../system2_bsp/\libhal_bsp.a(alt_load.o)
 .debug_line    0x00002b5a      0x2ca ../system2_bsp/\libhal_bsp.a(alt_main.o)
 .debug_line    0x00002e24      0x2c9 ../system2_bsp/\libhal_bsp.a(alt_write.o)
 .debug_line    0x000030ed      0x2a6 ../system2_bsp/\libhal_bsp.a(alt_sys_init.o)
 .debug_line    0x00003393      0x1d7 ../system2_bsp/\libhal_bsp.a(altera_avalon_jtag_uart_fd.o)
 .debug_line    0x0000356a      0x343 ../system2_bsp/\libhal_bsp.a(altera_avalon_jtag_uart_read.o)
 .debug_line    0x000038ad      0x304 ../system2_bsp/\libhal_bsp.a(altera_avalon_jtag_uart_write.o)
 .debug_line    0x00003bb1      0x299 ../system2_bsp/\libhal_bsp.a(alt_close.o)
 .debug_line    0x00003e4a      0x1b5 ../system2_bsp/\libhal_bsp.a(alt_dcache_flush_all.o)
 .debug_line    0x00003fff      0x254 ../system2_bsp/\libhal_bsp.a(alt_dev.o)
 .debug_line    0x00004253      0x25a ../system2_bsp/\libhal_bsp.a(alt_dev_llist_insert.o)
 .debug_line    0x000044ad       0x83 ../system2_bsp/\libhal_bsp.a(alt_do_ctors.o)
 .debug_line    0x00004530       0x83 ../system2_bsp/\libhal_bsp.a(alt_do_dtors.o)
 .debug_line    0x000045b3      0x1aa ../system2_bsp/\libhal_bsp.a(alt_errno.o)
 .debug_line    0x0000475d      0x1b5 ../system2_bsp/\libhal_bsp.a(alt_icache_flush_all.o)
 .debug_line    0x00004912      0x2b4 ../system2_bsp/\libhal_bsp.a(alt_io_redirect.o)
 .debug_line    0x00004bc6      0x2ff ../system2_bsp/\libhal_bsp.a(alt_open.o)
 .debug_line    0x00004ec5       0xed ../system2_bsp/\libhal_bsp.a(alt_release_fd.o)
 .debug_line    0x00004fb2      0x1ce ../system2_bsp/\libhal_bsp.a(altera_nios2_qsys_irq.o)
 .debug_line    0x00005180      0x26b ../system2_bsp/\libhal_bsp.a(alt_find_dev.o)
 .debug_line    0x000053eb      0x27c ../system2_bsp/\libhal_bsp.a(alt_find_file.o)
 .debug_line    0x00005667      0x297 ../system2_bsp/\libhal_bsp.a(alt_get_fd.o)
 .debug_line    0x000058fe      0x203 c:/altera/13.0sp1/nios2eds/bin/gnu/h-i686-mingw32/bin/../lib/gcc/nios2-elf/4.1.2/../../../../nios2-elf/lib/mno-hw-mul\libsmallc.a(lib_a-atexit.o)
 .debug_line    0x00005b01      0x223 c:/altera/13.0sp1/nios2eds/bin/gnu/h-i686-mingw32/bin/../lib/gcc/nios2-elf/4.1.2/../../../../nios2-elf/lib/mno-hw-mul\libsmallc.a(lib_a-exit.o)
 .debug_line    0x00005d24      0x270 c:/altera/13.0sp1/nios2eds/bin/gnu/h-i686-mingw32/bin/../lib/gcc/nios2-elf/4.1.2/../../../../nios2-elf/lib/mno-hw-mul\libsmallc.a(lib_a-memcmp.o)
 .debug_line    0x00005f94      0x350 c:/altera/13.0sp1/nios2eds/bin/gnu/h-i686-mingw32/bin/../lib/gcc/nios2-elf/4.1.2/../../../../nios2-elf/lib/mno-hw-mul\libsmallc.a(lib_a-__atexit.o)
 .debug_line    0x000062e4      0x360 c:/altera/13.0sp1/nios2eds/bin/gnu/h-i686-mingw32/bin/../lib/gcc/nios2-elf/4.1.2/../../../../nios2-elf/lib/mno-hw-mul\libsmallc.a(lib_a-__call_atexit.o)
 .debug_line    0x00006644      0x206 ../system2_bsp/\libhal_bsp.a(alt_exit.o)

.debug_frame    0x00000000      0x950
 *(.debug_frame)
 .debug_frame   0x00000000       0xd4 obj/default/source.o
 .debug_frame   0x000000d4       0x70 c:/altera/13.0sp1/nios2eds/bin/gnu/h-i686-mingw32/bin/../lib/gcc/nios2-elf/4.1.2/mno-hw-mul\libgcc.a(lib2-divmod.o)
 .debug_frame   0x00000144       0x20 c:/altera/13.0sp1/nios2eds/bin/gnu/h-i686-mingw32/bin/../lib/gcc/nios2-elf/4.1.2/mno-hw-mul\libgcc.a(lib2-mul.o)
 .debug_frame   0x00000164       0x20 c:/altera/13.0sp1/nios2eds/bin/gnu/h-i686-mingw32/bin/../lib/gcc/nios2-elf/4.1.2/../../../../nios2-elf/lib/mno-hw-mul\libsmallc.a(lib_a-memset.o)
 .debug_frame   0x00000184       0x40 c:/altera/13.0sp1/nios2eds/bin/gnu/h-i686-mingw32/bin/../lib/gcc/nios2-elf/4.1.2/../../../../nios2-elf/lib/mno-hw-mul\libsmallc.a(lib_a-printf.o)
 .debug_frame   0x000001c4       0x30 c:/altera/13.0sp1/nios2eds/bin/gnu/h-i686-mingw32/bin/../lib/gcc/nios2-elf/4.1.2/../../../../nios2-elf/lib/mno-hw-mul\libsmallc.a(lib_a-putchar.o)
 .debug_frame   0x000001f4       0x3c c:/altera/13.0sp1/nios2eds/bin/gnu/h-i686-mingw32/bin/../lib/gcc/nios2-elf/4.1.2/../../../../nios2-elf/lib/mno-hw-mul\libsmallc.a(lib_a-puts.o)
 .debug_frame   0x00000230       0x20 c:/altera/13.0sp1/nios2eds/bin/gnu/h-i686-mingw32/bin/../lib/gcc/nios2-elf/4.1.2/../../../../nios2-elf/lib/mno-hw-mul\libsmallc.a(lib_a-strlen.o)
 .debug_frame   0x00000250       0x64 c:/altera/13.0sp1/nios2eds/bin/gnu/h-i686-mingw32/bin/../lib/gcc/nios2-elf/4.1.2/../../../../nios2-elf/lib/mno-hw-mul\libsmallc.a(lib_a-vfprintf.o)
 .debug_frame   0x000002b4       0x30 c:/altera/13.0sp1/nios2eds/bin/gnu/h-i686-mingw32/bin/../lib/gcc/nios2-elf/4.1.2/../../../../nios2-elf/lib/mno-hw-mul\libsmallc.a(lib_a-fvwrite_small_dev.o)
 .debug_frame   0x000002e4       0x48 c:/altera/13.0sp1/nios2eds/bin/gnu/h-i686-mingw32/bin/../lib/gcc/nios2-elf/4.1.2/../../../../nios2-elf/lib/mno-hw-mul\libsmallc.a(lib_a-putc.o)
 .debug_frame   0x0000032c       0x2c c:/altera/13.0sp1/nios2eds/bin/gnu/h-i686-mingw32/bin/../lib/gcc/nios2-elf/4.1.2/../../../../nios2-elf/lib/mno-hw-mul\libsmallc.a(lib_a-writer.o)
 .debug_frame   0x00000358       0x48 ../system2_bsp/\libhal_bsp.a(alt_load.o)
 .debug_frame   0x000003a0       0x2c ../system2_bsp/\libhal_bsp.a(alt_main.o)
 .debug_frame   0x000003cc       0x48 ../system2_bsp/\libhal_bsp.a(alt_write.o)
 .debug_frame   0x00000414       0x64 ../system2_bsp/\libhal_bsp.a(alt_sys_init.o)
 .debug_frame   0x00000478       0x48 ../system2_bsp/\libhal_bsp.a(altera_avalon_jtag_uart_fd.o)
 .debug_frame   0x000004c0       0x2c ../system2_bsp/\libhal_bsp.a(altera_avalon_jtag_uart_read.o)
 .debug_frame   0x000004ec       0x2c ../system2_bsp/\libhal_bsp.a(altera_avalon_jtag_uart_write.o)
 .debug_frame   0x00000518       0x48 ../system2_bsp/\libhal_bsp.a(alt_close.o)
 .debug_frame   0x00000560       0x2c ../system2_bsp/\libhal_bsp.a(alt_dcache_flush_all.o)
 .debug_frame   0x0000058c       0x2c ../system2_bsp/\libhal_bsp.a(alt_dev.o)
 .debug_frame   0x000005b8       0x48 ../system2_bsp/\libhal_bsp.a(alt_dev_llist_insert.o)
 .debug_frame   0x00000600       0x2c ../system2_bsp/\libhal_bsp.a(alt_do_ctors.o)
 .debug_frame   0x0000062c       0x2c ../system2_bsp/\libhal_bsp.a(alt_do_dtors.o)
 .debug_frame   0x00000658       0x2c ../system2_bsp/\libhal_bsp.a(alt_icache_flush_all.o)
 .debug_frame   0x00000684       0x4c ../system2_bsp/\libhal_bsp.a(alt_io_redirect.o)
 .debug_frame   0x000006d0       0x68 ../system2_bsp/\libhal_bsp.a(alt_open.o)
 .debug_frame   0x00000738       0x30 ../system2_bsp/\libhal_bsp.a(alt_release_fd.o)
 .debug_frame   0x00000768       0x2c ../system2_bsp/\libhal_bsp.a(altera_nios2_qsys_irq.o)
 .debug_frame   0x00000794       0x2c ../system2_bsp/\libhal_bsp.a(alt_find_dev.o)
 .debug_frame   0x000007c0       0x2c ../system2_bsp/\libhal_bsp.a(alt_find_file.o)
 .debug_frame   0x000007ec       0x30 ../system2_bsp/\libhal_bsp.a(alt_get_fd.o)
 .debug_frame   0x0000081c       0x20 c:/altera/13.0sp1/nios2eds/bin/gnu/h-i686-mingw32/bin/../lib/gcc/nios2-elf/4.1.2/../../../../nios2-elf/lib/mno-hw-mul\libsmallc.a(lib_a-atexit.o)
 .debug_frame   0x0000083c       0x2c c:/altera/13.0sp1/nios2eds/bin/gnu/h-i686-mingw32/bin/../lib/gcc/nios2-elf/4.1.2/../../../../nios2-elf/lib/mno-hw-mul\libsmallc.a(lib_a-exit.o)
 .debug_frame   0x00000868       0x20 c:/altera/13.0sp1/nios2eds/bin/gnu/h-i686-mingw32/bin/../lib/gcc/nios2-elf/4.1.2/../../../../nios2-elf/lib/mno-hw-mul\libsmallc.a(lib_a-memcmp.o)
 .debug_frame   0x00000888       0x34 c:/altera/13.0sp1/nios2eds/bin/gnu/h-i686-mingw32/bin/../lib/gcc/nios2-elf/4.1.2/../../../../nios2-elf/lib/mno-hw-mul\libsmallc.a(lib_a-__atexit.o)
 .debug_frame   0x000008bc       0x4c c:/altera/13.0sp1/nios2eds/bin/gnu/h-i686-mingw32/bin/../lib/gcc/nios2-elf/4.1.2/../../../../nios2-elf/lib/mno-hw-mul\libsmallc.a(lib_a-__call_atexit.o)
 .debug_frame   0x00000908       0x48 ../system2_bsp/\libhal_bsp.a(alt_exit.o)

.debug_str      0x00000000      0xe5b
 *(.debug_str)
 .debug_str     0x00000000       0x12 obj/default/source.o
 .debug_str     0x00000012      0x167 c:/altera/13.0sp1/nios2eds/bin/gnu/h-i686-mingw32/bin/../lib/gcc/nios2-elf/4.1.2/mno-hw-mul\libgcc.a(lib2-divmod.o)
                                0x1b4 (size before relaxing)
 .debug_str     0x00000179       0x37 c:/altera/13.0sp1/nios2eds/bin/gnu/h-i686-mingw32/bin/../lib/gcc/nios2-elf/4.1.2/mno-hw-mul\libgcc.a(lib2-mul.o)
                                0x175 (size before relaxing)
 .debug_str     0x000001b0       0xe2 c:/altera/13.0sp1/nios2eds/bin/gnu/h-i686-mingw32/bin/../lib/gcc/nios2-elf/4.1.2/../../../../nios2-elf/lib/mno-hw-mul\libsmallc.a(lib_a-memset.o)
                                0x17e (size before relaxing)
 .debug_str     0x00000292      0x3aa c:/altera/13.0sp1/nios2eds/bin/gnu/h-i686-mingw32/bin/../lib/gcc/nios2-elf/4.1.2/../../../../nios2-elf/lib/mno-hw-mul\libsmallc.a(lib_a-printf.o)
                                0x466 (size before relaxing)
 .debug_str     0x0000063c       0x51 c:/altera/13.0sp1/nios2eds/bin/gnu/h-i686-mingw32/bin/../lib/gcc/nios2-elf/4.1.2/../../../../nios2-elf/lib/mno-hw-mul\libsmallc.a(lib_a-putchar.o)
                                0x452 (size before relaxing)
 .debug_str     0x0000068d       0x48 c:/altera/13.0sp1/nios2eds/bin/gnu/h-i686-mingw32/bin/../lib/gcc/nios2-elf/4.1.2/../../../../nios2-elf/lib/mno-hw-mul\libsmallc.a(lib_a-puts.o)
                                0x450 (size before relaxing)
 .debug_str     0x000006d5       0x45 c:/altera/13.0sp1/nios2eds/bin/gnu/h-i686-mingw32/bin/../lib/gcc/nios2-elf/4.1.2/../../../../nios2-elf/lib/mno-hw-mul\libsmallc.a(lib_a-strlen.o)
                                0x184 (size before relaxing)
 .debug_str     0x0000071a      0x168 c:/altera/13.0sp1/nios2eds/bin/gnu/h-i686-mingw32/bin/../lib/gcc/nios2-elf/4.1.2/../../../../nios2-elf/lib/mno-hw-mul\libsmallc.a(lib_a-vfprintf.o)
                                0x5af (size before relaxing)
 .debug_str     0x00000882       0x70 c:/altera/13.0sp1/nios2eds/bin/gnu/h-i686-mingw32/bin/../lib/gcc/nios2-elf/4.1.2/../../../../nios2-elf/lib/mno-hw-mul\libsmallc.a(lib_a-fvwrite_small_dev.o)
                                0x46a (size before relaxing)
 .debug_str     0x000008f2       0xf8 c:/altera/13.0sp1/nios2eds/bin/gnu/h-i686-mingw32/bin/../lib/gcc/nios2-elf/4.1.2/../../../../nios2-elf/lib/mno-hw-mul\libsmallc.a(lib_a-impure.o)
                                0x45d (size before relaxing)
 .debug_str     0x000009ea       0x4f c:/altera/13.0sp1/nios2eds/bin/gnu/h-i686-mingw32/bin/../lib/gcc/nios2-elf/4.1.2/../../../../nios2-elf/lib/mno-hw-mul\libsmallc.a(lib_a-putc.o)
                                0x455 (size before relaxing)
 .debug_str     0x00000a39       0x4f c:/altera/13.0sp1/nios2eds/bin/gnu/h-i686-mingw32/bin/../lib/gcc/nios2-elf/4.1.2/../../../../nios2-elf/lib/mno-hw-mul\libsmallc.a(lib_a-writer.o)
                                0x451 (size before relaxing)
 .debug_str     0x00000a88       0x40 c:/altera/13.0sp1/nios2eds/bin/gnu/h-i686-mingw32/bin/../lib/gcc/nios2-elf/4.1.2/../../../../nios2-elf/lib/mno-hw-mul\libsmallc.a(lib_a-int_errno.o)
                                0x177 (size before relaxing)
 .debug_str     0x00000ac8       0x12 ../system2_bsp/\libhal_bsp.a(alt_load.o)
 .debug_str     0x00000ada       0x12 ../system2_bsp/\libhal_bsp.a(alt_main.o)
 .debug_str     0x00000aec       0x12 ../system2_bsp/\libhal_bsp.a(alt_write.o)
 .debug_str     0x00000afe       0x12 ../system2_bsp/\libhal_bsp.a(alt_sys_init.o)
 .debug_str     0x00000b10       0x12 ../system2_bsp/\libhal_bsp.a(altera_avalon_jtag_uart_read.o)
 .debug_str     0x00000b22       0x12 ../system2_bsp/\libhal_bsp.a(altera_avalon_jtag_uart_write.o)
 .debug_str     0x00000b34       0x12 ../system2_bsp/\libhal_bsp.a(alt_close.o)
 .debug_str     0x00000b46       0x12 ../system2_bsp/\libhal_bsp.a(alt_dcache_flush_all.o)
 .debug_str     0x00000b58       0x12 ../system2_bsp/\libhal_bsp.a(alt_dev.o)
 .debug_str     0x00000b6a       0x12 ../system2_bsp/\libhal_bsp.a(alt_dev_llist_insert.o)
 .debug_str     0x00000b7c       0x12 ../system2_bsp/\libhal_bsp.a(alt_errno.o)
 .debug_str     0x00000b8e       0x12 ../system2_bsp/\libhal_bsp.a(alt_icache_flush_all.o)
 .debug_str     0x00000ba0       0x12 ../system2_bsp/\libhal_bsp.a(alt_io_redirect.o)
 .debug_str     0x00000bb2       0x12 ../system2_bsp/\libhal_bsp.a(alt_open.o)
 .debug_str     0x00000bc4       0x12 ../system2_bsp/\libhal_bsp.a(altera_nios2_qsys_irq.o)
 .debug_str     0x00000bd6       0x12 ../system2_bsp/\libhal_bsp.a(alt_find_dev.o)
 .debug_str     0x00000be8       0x12 ../system2_bsp/\libhal_bsp.a(alt_find_file.o)
 .debug_str     0x00000bfa       0x12 ../system2_bsp/\libhal_bsp.a(alt_get_fd.o)
 .debug_str     0x00000c0c       0xdb c:/altera/13.0sp1/nios2eds/bin/gnu/h-i686-mingw32/bin/../lib/gcc/nios2-elf/4.1.2/../../../../nios2-elf/lib/mno-hw-mul\libsmallc.a(lib_a-atexit.o)
                                0x1e5 (size before relaxing)
 .debug_str     0x00000ce7       0x41 c:/altera/13.0sp1/nios2eds/bin/gnu/h-i686-mingw32/bin/../lib/gcc/nios2-elf/4.1.2/../../../../nios2-elf/lib/mno-hw-mul\libsmallc.a(lib_a-exit.o)
                                0x178 (size before relaxing)
 .debug_str     0x00000d28       0x45 c:/altera/13.0sp1/nios2eds/bin/gnu/h-i686-mingw32/bin/../lib/gcc/nios2-elf/4.1.2/../../../../nios2-elf/lib/mno-hw-mul\libsmallc.a(lib_a-memcmp.o)
                                0x17e (size before relaxing)
 .debug_str     0x00000d6d       0x54 c:/altera/13.0sp1/nios2eds/bin/gnu/h-i686-mingw32/bin/../lib/gcc/nios2-elf/4.1.2/../../../../nios2-elf/lib/mno-hw-mul\libsmallc.a(lib_a-__atexit.o)
                                0x467 (size before relaxing)
 .debug_str     0x00000dc1       0x7e c:/altera/13.0sp1/nios2eds/bin/gnu/h-i686-mingw32/bin/../lib/gcc/nios2-elf/4.1.2/../../../../nios2-elf/lib/mno-hw-mul\libsmallc.a(lib_a-__call_atexit.o)
                                0x491 (size before relaxing)
 .debug_str     0x00000e3f       0x1c ../system2_bsp/\libhal_bsp.a(alt_exit.o)

.debug_loc      0x00000000     0x19cb
 *(.debug_loc)
 .debug_loc     0x00000000      0x12d obj/default/source.o
 .debug_loc     0x0000012d      0x1d2 c:/altera/13.0sp1/nios2eds/bin/gnu/h-i686-mingw32/bin/../lib/gcc/nios2-elf/4.1.2/mno-hw-mul\libgcc.a(lib2-divmod.o)
 .debug_loc     0x000002ff       0x4f c:/altera/13.0sp1/nios2eds/bin/gnu/h-i686-mingw32/bin/../lib/gcc/nios2-elf/4.1.2/mno-hw-mul\libgcc.a(lib2-mul.o)
 .debug_loc     0x0000034e       0x4f c:/altera/13.0sp1/nios2eds/bin/gnu/h-i686-mingw32/bin/../lib/gcc/nios2-elf/4.1.2/../../../../nios2-elf/lib/mno-hw-mul\libsmallc.a(lib_a-memset.o)
 .debug_loc     0x0000039d       0x8d c:/altera/13.0sp1/nios2eds/bin/gnu/h-i686-mingw32/bin/../lib/gcc/nios2-elf/4.1.2/../../../../nios2-elf/lib/mno-hw-mul\libsmallc.a(lib_a-printf.o)
 .debug_loc     0x0000042a       0x44 c:/altera/13.0sp1/nios2eds/bin/gnu/h-i686-mingw32/bin/../lib/gcc/nios2-elf/4.1.2/../../../../nios2-elf/lib/mno-hw-mul\libsmallc.a(lib_a-putchar.o)
 .debug_loc     0x0000046e       0xa2 c:/altera/13.0sp1/nios2eds/bin/gnu/h-i686-mingw32/bin/../lib/gcc/nios2-elf/4.1.2/../../../../nios2-elf/lib/mno-hw-mul\libsmallc.a(lib_a-puts.o)
 .debug_loc     0x00000510       0x1e c:/altera/13.0sp1/nios2eds/bin/gnu/h-i686-mingw32/bin/../lib/gcc/nios2-elf/4.1.2/../../../../nios2-elf/lib/mno-hw-mul\libsmallc.a(lib_a-strlen.o)
 .debug_loc     0x0000052e      0x878 c:/altera/13.0sp1/nios2eds/bin/gnu/h-i686-mingw32/bin/../lib/gcc/nios2-elf/4.1.2/../../../../nios2-elf/lib/mno-hw-mul\libsmallc.a(lib_a-vfprintf.o)
 .debug_loc     0x00000da6      0x162 c:/altera/13.0sp1/nios2eds/bin/gnu/h-i686-mingw32/bin/../lib/gcc/nios2-elf/4.1.2/../../../../nios2-elf/lib/mno-hw-mul\libsmallc.a(lib_a-fvwrite_small_dev.o)
 .debug_loc     0x00000f08       0xd4 c:/altera/13.0sp1/nios2eds/bin/gnu/h-i686-mingw32/bin/../lib/gcc/nios2-elf/4.1.2/../../../../nios2-elf/lib/mno-hw-mul\libsmallc.a(lib_a-putc.o)
 .debug_loc     0x00000fdc       0x97 c:/altera/13.0sp1/nios2eds/bin/gnu/h-i686-mingw32/bin/../lib/gcc/nios2-elf/4.1.2/../../../../nios2-elf/lib/mno-hw-mul\libsmallc.a(lib_a-writer.o)
 .debug_loc     0x00001073       0x56 ../system2_bsp/\libhal_bsp.a(alt_load.o)
 .debug_loc     0x000010c9       0x2b ../system2_bsp/\libhal_bsp.a(alt_main.o)
 .debug_loc     0x000010f4       0x56 ../system2_bsp/\libhal_bsp.a(alt_write.o)
 .debug_loc     0x0000114a       0x81 ../system2_bsp/\libhal_bsp.a(alt_sys_init.o)
 .debug_loc     0x000011cb       0x56 ../system2_bsp/\libhal_bsp.a(altera_avalon_jtag_uart_fd.o)
 .debug_loc     0x00001221       0x2b ../system2_bsp/\libhal_bsp.a(altera_avalon_jtag_uart_read.o)
 .debug_loc     0x0000124c       0x2b ../system2_bsp/\libhal_bsp.a(altera_avalon_jtag_uart_write.o)
 .debug_loc     0x00001277       0x56 ../system2_bsp/\libhal_bsp.a(alt_close.o)
 .debug_loc     0x000012cd       0x2b ../system2_bsp/\libhal_bsp.a(alt_dcache_flush_all.o)
 .debug_loc     0x000012f8       0x2b ../system2_bsp/\libhal_bsp.a(alt_dev.o)
 .debug_loc     0x00001323       0x56 ../system2_bsp/\libhal_bsp.a(alt_dev_llist_insert.o)
 .debug_loc     0x00001379       0x2b ../system2_bsp/\libhal_bsp.a(alt_do_ctors.o)
 .debug_loc     0x000013a4       0x2b ../system2_bsp/\libhal_bsp.a(alt_do_dtors.o)
 .debug_loc     0x000013cf       0x2b ../system2_bsp/\libhal_bsp.a(alt_icache_flush_all.o)
 .debug_loc     0x000013fa       0x56 ../system2_bsp/\libhal_bsp.a(alt_io_redirect.o)
 .debug_loc     0x00001450       0x81 ../system2_bsp/\libhal_bsp.a(alt_open.o)
 .debug_loc     0x000014d1       0x2b ../system2_bsp/\libhal_bsp.a(alt_release_fd.o)
 .debug_loc     0x000014fc       0x2b ../system2_bsp/\libhal_bsp.a(altera_nios2_qsys_irq.o)
 .debug_loc     0x00001527       0x2b ../system2_bsp/\libhal_bsp.a(alt_find_dev.o)
 .debug_loc     0x00001552       0x2b ../system2_bsp/\libhal_bsp.a(alt_find_file.o)
 .debug_loc     0x0000157d       0x2b ../system2_bsp/\libhal_bsp.a(alt_get_fd.o)
 .debug_loc     0x000015a8       0x1e c:/altera/13.0sp1/nios2eds/bin/gnu/h-i686-mingw32/bin/../lib/gcc/nios2-elf/4.1.2/../../../../nios2-elf/lib/mno-hw-mul\libsmallc.a(lib_a-atexit.o)
 .debug_loc     0x000015c6       0x3d c:/altera/13.0sp1/nios2eds/bin/gnu/h-i686-mingw32/bin/../lib/gcc/nios2-elf/4.1.2/../../../../nios2-elf/lib/mno-hw-mul\libsmallc.a(lib_a-exit.o)
 .debug_loc     0x00001603       0x70 c:/altera/13.0sp1/nios2eds/bin/gnu/h-i686-mingw32/bin/../lib/gcc/nios2-elf/4.1.2/../../../../nios2-elf/lib/mno-hw-mul\libsmallc.a(lib_a-memcmp.o)
 .debug_loc     0x00001673      0x141 c:/altera/13.0sp1/nios2eds/bin/gnu/h-i686-mingw32/bin/../lib/gcc/nios2-elf/4.1.2/../../../../nios2-elf/lib/mno-hw-mul\libsmallc.a(lib_a-__atexit.o)
 .debug_loc     0x000017b4      0x1c1 c:/altera/13.0sp1/nios2eds/bin/gnu/h-i686-mingw32/bin/../lib/gcc/nios2-elf/4.1.2/../../../../nios2-elf/lib/mno-hw-mul\libsmallc.a(lib_a-__call_atexit.o)
 .debug_loc     0x00001975       0x56 ../system2_bsp/\libhal_bsp.a(alt_exit.o)

.debug_macinfo
 *(.debug_macinfo)

.debug_weaknames
 *(.debug_weaknames)

.debug_funcnames
 *(.debug_funcnames)

.debug_typenames
 *(.debug_typenames)

.debug_varnames
 *(.debug_varnames)

.debug_alt_sim_info
                0x00000000       0x10
 *(.debug_alt_sim_info)
 .debug_alt_sim_info
                0x00000000       0x10 ../system2_bsp//obj/HAL/src/crt0.o
                0x01000000                __alt_data_end = 0x1000000
                0x01000000                PROVIDE (__alt_stack_pointer, __alt_data_end)
                0x00803cd0                PROVIDE (__alt_stack_limit, __alt_stack_base)
                0x00803cd0                PROVIDE (__alt_heap_start, end)
                0x01000000                PROVIDE (__alt_heap_limit, 0x1000000)
OUTPUT(system2.elf elf32-littlenios2)

.debug_ranges   0x00000000      0x178
 .debug_ranges  0x00000000       0x20 ../system2_bsp//obj/HAL/src/crt0.o
 .debug_ranges  0x00000020      0x140 c:/altera/13.0sp1/nios2eds/bin/gnu/h-i686-mingw32/bin/../lib/gcc/nios2-elf/4.1.2/../../../../nios2-elf/lib/mno-hw-mul\libsmallc.a(lib_a-vfprintf.o)
 .debug_ranges  0x00000160       0x18 c:/altera/13.0sp1/nios2eds/bin/gnu/h-i686-mingw32/bin/../lib/gcc/nios2-elf/4.1.2/../../../../nios2-elf/lib/mno-hw-mul\libsmallc.a(lib_a-__call_atexit.o)
